Archive member included to satisfy reference by file (symbol)

e:/arm_project/imt_sdk_win_64/winarm/armgcc/bin/../lib/gcc/arm-none-eabi/7.2.1/thumb/v7e-m\libgcc.a(_aeabi_ldivmod.o)
                              ./src/MCAL/UART/UART_prg.o (__aeabi_ldivmod)
e:/arm_project/imt_sdk_win_64/winarm/armgcc/bin/../lib/gcc/arm-none-eabi/7.2.1/thumb/v7e-m\libgcc.a(_aeabi_uldivmod.o)
                              ./src/MCAL/UART/UART_prg.o (__aeabi_uldivmod)
e:/arm_project/imt_sdk_win_64/winarm/armgcc/bin/../lib/gcc/arm-none-eabi/7.2.1/thumb/v7e-m\libgcc.a(_udivmoddi4.o)
                              e:/arm_project/imt_sdk_win_64/winarm/armgcc/bin/../lib/gcc/arm-none-eabi/7.2.1/thumb/v7e-m\libgcc.a(_aeabi_ldivmod.o) (__udivmoddi4)
e:/arm_project/imt_sdk_win_64/winarm/armgcc/bin/../lib/gcc/arm-none-eabi/7.2.1/thumb/v7e-m\libgcc.a(_dvmd_tls.o)
                              e:/arm_project/imt_sdk_win_64/winarm/armgcc/bin/../lib/gcc/arm-none-eabi/7.2.1/thumb/v7e-m\libgcc.a(_aeabi_ldivmod.o) (__aeabi_ldiv0)
e:/arm_project/imt_sdk_win_64/winarm/armgcc/bin/../lib/gcc/arm-none-eabi/7.2.1/../../../../arm-none-eabi/lib/thumb/v7e-m\libg_nano.a(lib_a-errno.o)
                              ./system/src/newlib/_sbrk.o (__errno)
e:/arm_project/imt_sdk_win_64/winarm/armgcc/bin/../lib/gcc/arm-none-eabi/7.2.1/../../../../arm-none-eabi/lib/thumb/v7e-m\libg_nano.a(lib_a-impure.o)
                              e:/arm_project/imt_sdk_win_64/winarm/armgcc/bin/../lib/gcc/arm-none-eabi/7.2.1/../../../../arm-none-eabi/lib/thumb/v7e-m\libg_nano.a(lib_a-errno.o) (_impure_ptr)

Allocating common symbols
Common symbol       size              file

errno               0x4               ./system/src/newlib/_syscalls.o
uwTick              0x4               ./system/src/stm32f4-hal/stm32f4xx_hal.o
pFlash              0x20              ./system/src/stm32f4-hal/stm32f4xx_hal_flash.o
MUSART2_CallBack    0x4               ./src/MCAL/UART/UART_prg.o
MUSART6_CallBack    0x4               ./src/MCAL/UART/UART_prg.o
G_u8Flag            0x1               ./src/MCAL/SYSTICK/STK_prg.o
MUSART1_CallBack    0x4               ./src/MCAL/UART/UART_prg.o

Discarded input sections

 .text          0x00000000        0x0 ./system/src/stm32f4-hal/stm32f4xx_hal.o
 .data          0x00000000        0x0 ./system/src/stm32f4-hal/stm32f4xx_hal.o
 .bss           0x00000000        0x0 ./system/src/stm32f4-hal/stm32f4xx_hal.o
 .text.HAL_MspInit
                0x00000000        0x2 ./system/src/stm32f4-hal/stm32f4xx_hal.o
 .text.HAL_MspDeInit
                0x00000000        0x2 ./system/src/stm32f4-hal/stm32f4xx_hal.o
 .text.HAL_DeInit
                0x00000000       0x2c ./system/src/stm32f4-hal/stm32f4xx_hal.o
 .text.HAL_InitTick
                0x00000000       0x28 ./system/src/stm32f4-hal/stm32f4xx_hal.o
 .text.HAL_Init
                0x00000000       0x34 ./system/src/stm32f4-hal/stm32f4xx_hal.o
 .text.HAL_IncTick
                0x00000000       0x10 ./system/src/stm32f4-hal/stm32f4xx_hal.o
 .text.HAL_GetTick
                0x00000000        0xc ./system/src/stm32f4-hal/stm32f4xx_hal.o
 .text.HAL_Delay
                0x00000000       0x1a ./system/src/stm32f4-hal/stm32f4xx_hal.o
 .text.HAL_SuspendTick
                0x00000000       0x10 ./system/src/stm32f4-hal/stm32f4xx_hal.o
 .text.HAL_ResumeTick
                0x00000000       0x10 ./system/src/stm32f4-hal/stm32f4xx_hal.o
 .text.HAL_GetHalVersion
                0x00000000        0x8 ./system/src/stm32f4-hal/stm32f4xx_hal.o
 .text.HAL_GetREVID
                0x00000000        0xc ./system/src/stm32f4-hal/stm32f4xx_hal.o
 .text.HAL_GetDEVID
                0x00000000       0x10 ./system/src/stm32f4-hal/stm32f4xx_hal.o
 .text.HAL_DBGMCU_EnableDBGSleepMode
                0x00000000       0x10 ./system/src/stm32f4-hal/stm32f4xx_hal.o
 .text.HAL_DBGMCU_DisableDBGSleepMode
                0x00000000       0x10 ./system/src/stm32f4-hal/stm32f4xx_hal.o
 .text.HAL_DBGMCU_EnableDBGStopMode
                0x00000000       0x10 ./system/src/stm32f4-hal/stm32f4xx_hal.o
 .text.HAL_DBGMCU_DisableDBGStopMode
                0x00000000       0x10 ./system/src/stm32f4-hal/stm32f4xx_hal.o
 .text.HAL_DBGMCU_EnableDBGStandbyMode
                0x00000000       0x10 ./system/src/stm32f4-hal/stm32f4xx_hal.o
 .text.HAL_DBGMCU_DisableDBGStandbyMode
                0x00000000       0x10 ./system/src/stm32f4-hal/stm32f4xx_hal.o
 .text.HAL_EnableCompensationCell
                0x00000000       0x18 ./system/src/stm32f4-hal/stm32f4xx_hal.o
 .text.HAL_DisableCompensationCell
                0x00000000       0x1c ./system/src/stm32f4-hal/stm32f4xx_hal.o
 .debug_info    0x00000000     0x1076 ./system/src/stm32f4-hal/stm32f4xx_hal.o
 .debug_abbrev  0x00000000      0x340 ./system/src/stm32f4-hal/stm32f4xx_hal.o
 .debug_loc     0x00000000       0x92 ./system/src/stm32f4-hal/stm32f4xx_hal.o
 .debug_aranges
                0x00000000       0xb8 ./system/src/stm32f4-hal/stm32f4xx_hal.o
 .debug_ranges  0x00000000       0xa8 ./system/src/stm32f4-hal/stm32f4xx_hal.o
 .debug_line    0x00000000      0x36b ./system/src/stm32f4-hal/stm32f4xx_hal.o
 .debug_str     0x00000000      0xd31 ./system/src/stm32f4-hal/stm32f4xx_hal.o
 .comment       0x00000000       0x7f ./system/src/stm32f4-hal/stm32f4xx_hal.o
 .debug_frame   0x00000000      0x184 ./system/src/stm32f4-hal/stm32f4xx_hal.o
 .ARM.attributes
                0x00000000       0x33 ./system/src/stm32f4-hal/stm32f4xx_hal.o
 COMMON         0x00000000        0x4 ./system/src/stm32f4-hal/stm32f4xx_hal.o
 .text          0x00000000        0x0 ./system/src/stm32f4-hal/stm32f4xx_hal_cortex.o
 .data          0x00000000        0x0 ./system/src/stm32f4-hal/stm32f4xx_hal_cortex.o
 .bss           0x00000000        0x0 ./system/src/stm32f4-hal/stm32f4xx_hal_cortex.o
 .text.HAL_NVIC_SetPriorityGrouping
                0x00000000       0x24 ./system/src/stm32f4-hal/stm32f4xx_hal_cortex.o
 .text.HAL_NVIC_SetPriority
                0x00000000       0x68 ./system/src/stm32f4-hal/stm32f4xx_hal_cortex.o
 .text.HAL_NVIC_EnableIRQ
                0x00000000       0x18 ./system/src/stm32f4-hal/stm32f4xx_hal_cortex.o
 .text.HAL_NVIC_DisableIRQ
                0x00000000       0x1c ./system/src/stm32f4-hal/stm32f4xx_hal_cortex.o
 .text.HAL_NVIC_SystemReset
                0x00000000       0x24 ./system/src/stm32f4-hal/stm32f4xx_hal_cortex.o
 .text.HAL_SYSTICK_Config
                0x00000000       0x2c ./system/src/stm32f4-hal/stm32f4xx_hal_cortex.o
 .text.HAL_MPU_ConfigRegion
                0x00000000       0x50 ./system/src/stm32f4-hal/stm32f4xx_hal_cortex.o
 .text.HAL_NVIC_GetPriorityGrouping
                0x00000000       0x10 ./system/src/stm32f4-hal/stm32f4xx_hal_cortex.o
 .text.HAL_NVIC_GetPriority
                0x00000000       0x5c ./system/src/stm32f4-hal/stm32f4xx_hal_cortex.o
 .text.HAL_NVIC_SetPendingIRQ
                0x00000000       0x1c ./system/src/stm32f4-hal/stm32f4xx_hal_cortex.o
 .text.HAL_NVIC_GetPendingIRQ
                0x00000000       0x1c ./system/src/stm32f4-hal/stm32f4xx_hal_cortex.o
 .text.HAL_NVIC_ClearPendingIRQ
                0x00000000       0x1c ./system/src/stm32f4-hal/stm32f4xx_hal_cortex.o
 .text.HAL_NVIC_GetActive
                0x00000000       0x1c ./system/src/stm32f4-hal/stm32f4xx_hal_cortex.o
 .text.HAL_SYSTICK_CLKSourceConfig
                0x00000000       0x18 ./system/src/stm32f4-hal/stm32f4xx_hal_cortex.o
 .text.HAL_SYSTICK_Callback
                0x00000000        0x2 ./system/src/stm32f4-hal/stm32f4xx_hal_cortex.o
 .text.HAL_SYSTICK_IRQHandler
                0x00000000        0x8 ./system/src/stm32f4-hal/stm32f4xx_hal_cortex.o
 .debug_info    0x00000000     0x15d1 ./system/src/stm32f4-hal/stm32f4xx_hal_cortex.o
 .debug_abbrev  0x00000000      0x3d3 ./system/src/stm32f4-hal/stm32f4xx_hal_cortex.o
 .debug_loc     0x00000000      0x47a ./system/src/stm32f4-hal/stm32f4xx_hal_cortex.o
 .debug_aranges
                0x00000000       0x98 ./system/src/stm32f4-hal/stm32f4xx_hal_cortex.o
 .debug_ranges  0x00000000      0x128 ./system/src/stm32f4-hal/stm32f4xx_hal_cortex.o
 .debug_line    0x00000000      0x3e8 ./system/src/stm32f4-hal/stm32f4xx_hal_cortex.o
 .debug_str     0x00000000      0xe79 ./system/src/stm32f4-hal/stm32f4xx_hal_cortex.o
 .comment       0x00000000       0x7f ./system/src/stm32f4-hal/stm32f4xx_hal_cortex.o
 .debug_frame   0x00000000      0x138 ./system/src/stm32f4-hal/stm32f4xx_hal_cortex.o
 .ARM.attributes
                0x00000000       0x33 ./system/src/stm32f4-hal/stm32f4xx_hal_cortex.o
 .text          0x00000000        0x0 ./system/src/stm32f4-hal/stm32f4xx_hal_dfsdm.o
 .data          0x00000000        0x0 ./system/src/stm32f4-hal/stm32f4xx_hal_dfsdm.o
 .bss           0x00000000        0x0 ./system/src/stm32f4-hal/stm32f4xx_hal_dfsdm.o
 .debug_info    0x00000000      0x8bf ./system/src/stm32f4-hal/stm32f4xx_hal_dfsdm.o
 .debug_abbrev  0x00000000      0x192 ./system/src/stm32f4-hal/stm32f4xx_hal_dfsdm.o
 .debug_aranges
                0x00000000       0x18 ./system/src/stm32f4-hal/stm32f4xx_hal_dfsdm.o
 .debug_line    0x00000000      0x12c ./system/src/stm32f4-hal/stm32f4xx_hal_dfsdm.o
 .debug_str     0x00000000      0x5d8 ./system/src/stm32f4-hal/stm32f4xx_hal_dfsdm.o
 .comment       0x00000000       0x7f ./system/src/stm32f4-hal/stm32f4xx_hal_dfsdm.o
 .ARM.attributes
                0x00000000       0x33 ./system/src/stm32f4-hal/stm32f4xx_hal_dfsdm.o
 .text          0x00000000        0x0 ./system/src/stm32f4-hal/stm32f4xx_hal_flash.o
 .data          0x00000000        0x0 ./system/src/stm32f4-hal/stm32f4xx_hal_flash.o
 .bss           0x00000000        0x0 ./system/src/stm32f4-hal/stm32f4xx_hal_flash.o
 .text.FLASH_Program_Word
                0x00000000       0x24 ./system/src/stm32f4-hal/stm32f4xx_hal_flash.o
 .text.FLASH_Program_HalfWord
                0x00000000       0x24 ./system/src/stm32f4-hal/stm32f4xx_hal_flash.o
 .text.FLASH_SetErrorCode
                0x00000000       0x8c ./system/src/stm32f4-hal/stm32f4xx_hal_flash.o
 .text.HAL_FLASH_Program_IT
                0x00000000       0x90 ./system/src/stm32f4-hal/stm32f4xx_hal_flash.o
 .text.HAL_FLASH_EndOfOperationCallback
                0x00000000        0x2 ./system/src/stm32f4-hal/stm32f4xx_hal_flash.o
 .text.HAL_FLASH_OperationErrorCallback
                0x00000000        0x2 ./system/src/stm32f4-hal/stm32f4xx_hal_flash.o
 .text.HAL_FLASH_IRQHandler
                0x00000000       0xc8 ./system/src/stm32f4-hal/stm32f4xx_hal_flash.o
 .text.HAL_FLASH_Unlock
                0x00000000       0x24 ./system/src/stm32f4-hal/stm32f4xx_hal_flash.o
 .text.HAL_FLASH_Lock
                0x00000000       0x14 ./system/src/stm32f4-hal/stm32f4xx_hal_flash.o
 .text.HAL_FLASH_OB_Unlock
                0x00000000       0x24 ./system/src/stm32f4-hal/stm32f4xx_hal_flash.o
 .text.HAL_FLASH_OB_Lock
                0x00000000       0x14 ./system/src/stm32f4-hal/stm32f4xx_hal_flash.o
 .text.HAL_FLASH_GetError
                0x00000000        0xc ./system/src/stm32f4-hal/stm32f4xx_hal_flash.o
 .text.FLASH_WaitForLastOperation
                0x00000000       0x5c ./system/src/stm32f4-hal/stm32f4xx_hal_flash.o
 .text.HAL_FLASH_Program
                0x00000000       0xa8 ./system/src/stm32f4-hal/stm32f4xx_hal_flash.o
 .text.HAL_FLASH_OB_Launch
                0x00000000       0x18 ./system/src/stm32f4-hal/stm32f4xx_hal_flash.o
 .debug_info    0x00000000      0xef6 ./system/src/stm32f4-hal/stm32f4xx_hal_flash.o
 .debug_abbrev  0x00000000      0x3c5 ./system/src/stm32f4-hal/stm32f4xx_hal_flash.o
 .debug_loc     0x00000000      0x2ac ./system/src/stm32f4-hal/stm32f4xx_hal_flash.o
 .debug_aranges
                0x00000000       0x88 ./system/src/stm32f4-hal/stm32f4xx_hal_flash.o
 .debug_ranges  0x00000000       0xa8 ./system/src/stm32f4-hal/stm32f4xx_hal_flash.o
 .debug_line    0x00000000      0x3fa ./system/src/stm32f4-hal/stm32f4xx_hal_flash.o
 .debug_str     0x00000000      0x936 ./system/src/stm32f4-hal/stm32f4xx_hal_flash.o
 .comment       0x00000000       0x7f ./system/src/stm32f4-hal/stm32f4xx_hal_flash.o
 .debug_frame   0x00000000      0x13c ./system/src/stm32f4-hal/stm32f4xx_hal_flash.o
 .ARM.attributes
                0x00000000       0x33 ./system/src/stm32f4-hal/stm32f4xx_hal_flash.o
 COMMON         0x00000000       0x20 ./system/src/stm32f4-hal/stm32f4xx_hal_flash.o
 .text          0x00000000        0x0 ./system/src/stm32f4-hal/stm32f4xx_hal_gpio.o
 .data          0x00000000        0x0 ./system/src/stm32f4-hal/stm32f4xx_hal_gpio.o
 .bss           0x00000000        0x0 ./system/src/stm32f4-hal/stm32f4xx_hal_gpio.o
 .text.HAL_GPIO_Init
                0x00000000      0x1ac ./system/src/stm32f4-hal/stm32f4xx_hal_gpio.o
 .text.HAL_GPIO_DeInit
                0x00000000       0xec ./system/src/stm32f4-hal/stm32f4xx_hal_gpio.o
 .text.HAL_GPIO_ReadPin
                0x00000000        0xc ./system/src/stm32f4-hal/stm32f4xx_hal_gpio.o
 .text.HAL_GPIO_WritePin
                0x00000000        0xa ./system/src/stm32f4-hal/stm32f4xx_hal_gpio.o
 .text.HAL_GPIO_TogglePin
                0x00000000        0x8 ./system/src/stm32f4-hal/stm32f4xx_hal_gpio.o
 .text.HAL_GPIO_LockPin
                0x00000000       0x2a ./system/src/stm32f4-hal/stm32f4xx_hal_gpio.o
 .text.HAL_GPIO_EXTI_Callback
                0x00000000        0x2 ./system/src/stm32f4-hal/stm32f4xx_hal_gpio.o
 .text.HAL_GPIO_EXTI_IRQHandler
                0x00000000       0x18 ./system/src/stm32f4-hal/stm32f4xx_hal_gpio.o
 .debug_info    0x00000000      0xf4d ./system/src/stm32f4-hal/stm32f4xx_hal_gpio.o
 .debug_abbrev  0x00000000      0x2a2 ./system/src/stm32f4-hal/stm32f4xx_hal_gpio.o
 .debug_loc     0x00000000      0x381 ./system/src/stm32f4-hal/stm32f4xx_hal_gpio.o
 .debug_aranges
                0x00000000       0x58 ./system/src/stm32f4-hal/stm32f4xx_hal_gpio.o
 .debug_ranges  0x00000000       0x68 ./system/src/stm32f4-hal/stm32f4xx_hal_gpio.o
 .debug_line    0x00000000      0x37b ./system/src/stm32f4-hal/stm32f4xx_hal_gpio.o
 .debug_str     0x00000000      0x8ef ./system/src/stm32f4-hal/stm32f4xx_hal_gpio.o
 .comment       0x00000000       0x7f ./system/src/stm32f4-hal/stm32f4xx_hal_gpio.o
 .debug_frame   0x00000000       0xd8 ./system/src/stm32f4-hal/stm32f4xx_hal_gpio.o
 .ARM.attributes
                0x00000000       0x33 ./system/src/stm32f4-hal/stm32f4xx_hal_gpio.o
 .text          0x00000000        0x0 ./system/src/stm32f4-hal/stm32f4xx_hal_iwdg.o
 .data          0x00000000        0x0 ./system/src/stm32f4-hal/stm32f4xx_hal_iwdg.o
 .bss           0x00000000        0x0 ./system/src/stm32f4-hal/stm32f4xx_hal_iwdg.o
 .text.HAL_IWDG_Init
                0x00000000       0x42 ./system/src/stm32f4-hal/stm32f4xx_hal_iwdg.o
 .text.HAL_IWDG_Refresh
                0x00000000        0xc ./system/src/stm32f4-hal/stm32f4xx_hal_iwdg.o
 .debug_info    0x00000000      0xa40 ./system/src/stm32f4-hal/stm32f4xx_hal_iwdg.o
 .debug_abbrev  0x00000000      0x21e ./system/src/stm32f4-hal/stm32f4xx_hal_iwdg.o
 .debug_loc     0x00000000       0x73 ./system/src/stm32f4-hal/stm32f4xx_hal_iwdg.o
 .debug_aranges
                0x00000000       0x28 ./system/src/stm32f4-hal/stm32f4xx_hal_iwdg.o
 .debug_ranges  0x00000000       0x18 ./system/src/stm32f4-hal/stm32f4xx_hal_iwdg.o
 .debug_line    0x00000000      0x214 ./system/src/stm32f4-hal/stm32f4xx_hal_iwdg.o
 .debug_str     0x00000000      0x6a0 ./system/src/stm32f4-hal/stm32f4xx_hal_iwdg.o
 .comment       0x00000000       0x7f ./system/src/stm32f4-hal/stm32f4xx_hal_iwdg.o
 .debug_frame   0x00000000       0x3c ./system/src/stm32f4-hal/stm32f4xx_hal_iwdg.o
 .ARM.attributes
                0x00000000       0x33 ./system/src/stm32f4-hal/stm32f4xx_hal_iwdg.o
 .text          0x00000000        0x0 ./system/src/stm32f4-hal/stm32f4xx_hal_pwr.o
 .data          0x00000000        0x0 ./system/src/stm32f4-hal/stm32f4xx_hal_pwr.o
 .bss           0x00000000        0x0 ./system/src/stm32f4-hal/stm32f4xx_hal_pwr.o
 .text.HAL_PWR_DeInit
                0x00000000       0x18 ./system/src/stm32f4-hal/stm32f4xx_hal_pwr.o
 .text.HAL_PWR_EnableBkUpAccess
                0x00000000       0x1c ./system/src/stm32f4-hal/stm32f4xx_hal_pwr.o
 .text.HAL_PWR_DisableBkUpAccess
                0x00000000       0x1c ./system/src/stm32f4-hal/stm32f4xx_hal_pwr.o
 .text.HAL_PWR_ConfigPVD
                0x00000000       0x70 ./system/src/stm32f4-hal/stm32f4xx_hal_pwr.o
 .text.HAL_PWR_EnablePVD
                0x00000000       0x1a ./system/src/stm32f4-hal/stm32f4xx_hal_pwr.o
 .text.HAL_PWR_DisablePVD
                0x00000000       0x1a ./system/src/stm32f4-hal/stm32f4xx_hal_pwr.o
 .text.HAL_PWR_EnableWakeUpPin
                0x00000000       0x10 ./system/src/stm32f4-hal/stm32f4xx_hal_pwr.o
 .text.HAL_PWR_DisableWakeUpPin
                0x00000000       0x10 ./system/src/stm32f4-hal/stm32f4xx_hal_pwr.o
 .text.HAL_PWR_EnterSLEEPMode
                0x00000000       0x20 ./system/src/stm32f4-hal/stm32f4xx_hal_pwr.o
 .text.HAL_PWR_EnterSTOPMode
                0x00000000       0x38 ./system/src/stm32f4-hal/stm32f4xx_hal_pwr.o
 .text.HAL_PWR_EnterSTANDBYMode
                0x00000000       0x20 ./system/src/stm32f4-hal/stm32f4xx_hal_pwr.o
 .text.HAL_PWR_PVDCallback
                0x00000000        0x2 ./system/src/stm32f4-hal/stm32f4xx_hal_pwr.o
 .text.HAL_PWR_PVD_IRQHandler
                0x00000000       0x1c ./system/src/stm32f4-hal/stm32f4xx_hal_pwr.o
 .text.HAL_PWR_EnableSleepOnExit
                0x00000000       0x10 ./system/src/stm32f4-hal/stm32f4xx_hal_pwr.o
 .text.HAL_PWR_DisableSleepOnExit
                0x00000000       0x10 ./system/src/stm32f4-hal/stm32f4xx_hal_pwr.o
 .text.HAL_PWR_EnableSEVOnPend
                0x00000000       0x10 ./system/src/stm32f4-hal/stm32f4xx_hal_pwr.o
 .text.HAL_PWR_DisableSEVOnPend
                0x00000000       0x10 ./system/src/stm32f4-hal/stm32f4xx_hal_pwr.o
 .debug_info    0x00000000     0x1098 ./system/src/stm32f4-hal/stm32f4xx_hal_pwr.o
 .debug_abbrev  0x00000000      0x2d7 ./system/src/stm32f4-hal/stm32f4xx_hal_pwr.o
 .debug_loc     0x00000000       0xd8 ./system/src/stm32f4-hal/stm32f4xx_hal_pwr.o
 .debug_aranges
                0x00000000       0xa0 ./system/src/stm32f4-hal/stm32f4xx_hal_pwr.o
 .debug_ranges  0x00000000       0x90 ./system/src/stm32f4-hal/stm32f4xx_hal_pwr.o
 .debug_line    0x00000000      0x364 ./system/src/stm32f4-hal/stm32f4xx_hal_pwr.o
 .debug_str     0x00000000      0x977 ./system/src/stm32f4-hal/stm32f4xx_hal_pwr.o
 .comment       0x00000000       0x7f ./system/src/stm32f4-hal/stm32f4xx_hal_pwr.o
 .debug_frame   0x00000000      0x128 ./system/src/stm32f4-hal/stm32f4xx_hal_pwr.o
 .ARM.attributes
                0x00000000       0x33 ./system/src/stm32f4-hal/stm32f4xx_hal_pwr.o
 .text          0x00000000        0x0 ./system/src/stm32f4-hal/stm32f4xx_hal_rcc.o
 .data          0x00000000        0x0 ./system/src/stm32f4-hal/stm32f4xx_hal_rcc.o
 .bss           0x00000000        0x0 ./system/src/stm32f4-hal/stm32f4xx_hal_rcc.o
 .text.HAL_RCC_DeInit
                0x00000000        0x2 ./system/src/stm32f4-hal/stm32f4xx_hal_rcc.o
 .text.HAL_RCC_OscConfig
                0x00000000      0x2d8 ./system/src/stm32f4-hal/stm32f4xx_hal_rcc.o
 .text.HAL_RCC_MCOConfig
                0x00000000       0x94 ./system/src/stm32f4-hal/stm32f4xx_hal_rcc.o
 .text.HAL_RCC_EnableCSS
                0x00000000        0xc ./system/src/stm32f4-hal/stm32f4xx_hal_rcc.o
 .text.HAL_RCC_DisableCSS
                0x00000000        0xc ./system/src/stm32f4-hal/stm32f4xx_hal_rcc.o
 .text.HAL_RCC_GetSysClockFreq
                0x00000000       0x74 ./system/src/stm32f4-hal/stm32f4xx_hal_rcc.o
 .text.HAL_RCC_ClockConfig
                0x00000000      0x168 ./system/src/stm32f4-hal/stm32f4xx_hal_rcc.o
 .text.HAL_RCC_GetHCLKFreq
                0x00000000        0xc ./system/src/stm32f4-hal/stm32f4xx_hal_rcc.o
 .text.HAL_RCC_GetPCLK1Freq
                0x00000000       0x30 ./system/src/stm32f4-hal/stm32f4xx_hal_rcc.o
 .text.HAL_RCC_GetPCLK2Freq
                0x00000000       0x30 ./system/src/stm32f4-hal/stm32f4xx_hal_rcc.o
 .text.HAL_RCC_GetOscConfig
                0x00000000       0xcc ./system/src/stm32f4-hal/stm32f4xx_hal_rcc.o
 .text.HAL_RCC_GetClockConfig
                0x00000000       0x3c ./system/src/stm32f4-hal/stm32f4xx_hal_rcc.o
 .text.HAL_RCC_CSSCallback
                0x00000000        0x2 ./system/src/stm32f4-hal/stm32f4xx_hal_rcc.o
 .text.HAL_RCC_NMI_IRQHandler
                0x00000000       0x20 ./system/src/stm32f4-hal/stm32f4xx_hal_rcc.o
 .rodata.APBAHBPrescTable
                0x00000000       0x10 ./system/src/stm32f4-hal/stm32f4xx_hal_rcc.o
 .debug_info    0x00000000     0x14a7 ./system/src/stm32f4-hal/stm32f4xx_hal_rcc.o
 .debug_abbrev  0x00000000      0x3ef ./system/src/stm32f4-hal/stm32f4xx_hal_rcc.o
 .debug_loc     0x00000000      0x495 ./system/src/stm32f4-hal/stm32f4xx_hal_rcc.o
 .debug_aranges
                0x00000000       0x80 ./system/src/stm32f4-hal/stm32f4xx_hal_rcc.o
 .debug_ranges  0x00000000      0x168 ./system/src/stm32f4-hal/stm32f4xx_hal_rcc.o
 .debug_line    0x00000000      0x555 ./system/src/stm32f4-hal/stm32f4xx_hal_rcc.o
 .debug_str     0x00000000      0xaba ./system/src/stm32f4-hal/stm32f4xx_hal_rcc.o
 .comment       0x00000000       0x7f ./system/src/stm32f4-hal/stm32f4xx_hal_rcc.o
 .debug_frame   0x00000000      0x140 ./system/src/stm32f4-hal/stm32f4xx_hal_rcc.o
 .ARM.attributes
                0x00000000       0x33 ./system/src/stm32f4-hal/stm32f4xx_hal_rcc.o
 .text          0x00000000        0x0 ./system/src/newlib/_cxx.o
 .data          0x00000000        0x0 ./system/src/newlib/_cxx.o
 .bss           0x00000000        0x0 ./system/src/newlib/_cxx.o
 .text._ZN9__gnu_cxx27__verbose_terminate_handlerEv
                0x00000000        0x6 ./system/src/newlib/_cxx.o
 .text.__cxa_pure_virtual
                0x00000000        0x6 ./system/src/newlib/_cxx.o
 .debug_info    0x00000000      0xf94 ./system/src/newlib/_cxx.o
 .debug_abbrev  0x00000000      0x300 ./system/src/newlib/_cxx.o
 .debug_aranges
                0x00000000       0x20 ./system/src/newlib/_cxx.o
 .debug_ranges  0x00000000       0x10 ./system/src/newlib/_cxx.o
 .debug_line    0x00000000      0x2ca ./system/src/newlib/_cxx.o
 .debug_str     0x00000000      0x81c ./system/src/newlib/_cxx.o
 .comment       0x00000000       0x7f ./system/src/newlib/_cxx.o
 .debug_frame   0x00000000       0x40 ./system/src/newlib/_cxx.o
 .ARM.attributes
                0x00000000       0x33 ./system/src/newlib/_cxx.o
 .text          0x00000000        0x0 ./system/src/newlib/_exit.o
 .data          0x00000000        0x0 ./system/src/newlib/_exit.o
 .bss           0x00000000        0x0 ./system/src/newlib/_exit.o
 .text.abort    0x00000000        0x8 ./system/src/newlib/_exit.o
 .text          0x00000000        0x0 ./system/src/newlib/_sbrk.o
 .data          0x00000000        0x0 ./system/src/newlib/_sbrk.o
 .bss           0x00000000        0x0 ./system/src/newlib/_sbrk.o
 .text._sbrk    0x00000000       0x3c ./system/src/newlib/_sbrk.o
 .bss.current_heap_end.3961
                0x00000000        0x4 ./system/src/newlib/_sbrk.o
 .debug_info    0x00000000      0x93e ./system/src/newlib/_sbrk.o
 .debug_abbrev  0x00000000      0x1f9 ./system/src/newlib/_sbrk.o
 .debug_loc     0x00000000       0x6a ./system/src/newlib/_sbrk.o
 .debug_aranges
                0x00000000       0x20 ./system/src/newlib/_sbrk.o
 .debug_ranges  0x00000000       0x10 ./system/src/newlib/_sbrk.o
 .debug_line    0x00000000      0x137 ./system/src/newlib/_sbrk.o
 .debug_str     0x00000000      0x608 ./system/src/newlib/_sbrk.o
 .comment       0x00000000       0x7f ./system/src/newlib/_sbrk.o
 .debug_frame   0x00000000       0x28 ./system/src/newlib/_sbrk.o
 .ARM.attributes
                0x00000000       0x33 ./system/src/newlib/_sbrk.o
 .text          0x00000000        0x0 ./system/src/newlib/_startup.o
 .data          0x00000000        0x0 ./system/src/newlib/_startup.o
 .bss           0x00000000        0x0 ./system/src/newlib/_startup.o
 .text.__initialize_data
                0x00000000       0x10 ./system/src/newlib/_startup.o
 .text.__initialize_bss
                0x00000000        0xe ./system/src/newlib/_startup.o
 .text.__run_init_array
                0x00000000       0x44 ./system/src/newlib/_startup.o
 .text.__run_fini_array
                0x00000000       0x24 ./system/src/newlib/_startup.o
 .text          0x00000000        0x0 ./system/src/newlib/_syscalls.o
 .data          0x00000000        0x0 ./system/src/newlib/_syscalls.o
 .bss           0x00000000        0x0 ./system/src/newlib/_syscalls.o
 .text.raise    0x00000000       0x10 ./system/src/newlib/_syscalls.o
 .text.kill     0x00000000       0x10 ./system/src/newlib/_syscalls.o
 .bss.__dso_handle
                0x00000000        0x4 ./system/src/newlib/_syscalls.o
 COMMON         0x00000000        0x4 ./system/src/newlib/_syscalls.o
 .text          0x00000000        0x0 ./system/src/newlib/assert.o
 .data          0x00000000        0x0 ./system/src/newlib/assert.o
 .bss           0x00000000        0x0 ./system/src/newlib/assert.o
 .text.__assert_func
                0x00000000        0x6 ./system/src/newlib/assert.o
 .debug_info    0x00000000      0x96b ./system/src/newlib/assert.o
 .debug_abbrev  0x00000000      0x1fe ./system/src/newlib/assert.o
 .debug_loc     0x00000000       0x84 ./system/src/newlib/assert.o
 .debug_aranges
                0x00000000       0x20 ./system/src/newlib/assert.o
 .debug_ranges  0x00000000       0x10 ./system/src/newlib/assert.o
 .debug_line    0x00000000      0x199 ./system/src/newlib/assert.o
 .debug_str     0x00000000      0x611 ./system/src/newlib/assert.o
 .comment       0x00000000       0x7f ./system/src/newlib/assert.o
 .debug_frame   0x00000000       0x28 ./system/src/newlib/assert.o
 .ARM.attributes
                0x00000000       0x33 ./system/src/newlib/assert.o
 .text          0x00000000        0x0 ./system/src/diag/Trace.o
 .data          0x00000000        0x0 ./system/src/diag/Trace.o
 .bss           0x00000000        0x0 ./system/src/diag/Trace.o
 .debug_line    0x00000000        0x0 ./system/src/diag/Trace.o
 .debug_str     0x00000000      0x124 ./system/src/diag/Trace.o
 .comment       0x00000000       0x7f ./system/src/diag/Trace.o
 .ARM.attributes
                0x00000000       0x33 ./system/src/diag/Trace.o
 .text          0x00000000        0x0 ./system/src/diag/trace_impl.o
 .data          0x00000000        0x0 ./system/src/diag/trace_impl.o
 .bss           0x00000000        0x0 ./system/src/diag/trace_impl.o
 .debug_line    0x00000000        0x0 ./system/src/diag/trace_impl.o
 .debug_str     0x00000000      0x129 ./system/src/diag/trace_impl.o
 .comment       0x00000000       0x7f ./system/src/diag/trace_impl.o
 .ARM.attributes
                0x00000000       0x33 ./system/src/diag/trace_impl.o
 .text          0x00000000        0x0 ./system/src/cortexm/_initialize_hardware.o
 .data          0x00000000        0x0 ./system/src/cortexm/_initialize_hardware.o
 .bss           0x00000000        0x0 ./system/src/cortexm/_initialize_hardware.o
 .text.__initialize_hardware
                0x00000000        0x4 ./system/src/cortexm/_initialize_hardware.o
 .text          0x00000000        0x0 ./system/src/cortexm/_reset_hardware.o
 .data          0x00000000        0x0 ./system/src/cortexm/_reset_hardware.o
 .bss           0x00000000        0x0 ./system/src/cortexm/_reset_hardware.o
 .text          0x00000000        0x0 ./system/src/cortexm/exception_handlers.o
 .data          0x00000000        0x0 ./system/src/cortexm/exception_handlers.o
 .bss           0x00000000        0x0 ./system/src/cortexm/exception_handlers.o
 .text          0x00000000        0x0 ./system/src/cmsis/system_stm32f4xx.o
 .data          0x00000000        0x0 ./system/src/cmsis/system_stm32f4xx.o
 .bss           0x00000000        0x0 ./system/src/cmsis/system_stm32f4xx.o
 .text.SystemCoreClockUpdate
                0x00000000       0x74 ./system/src/cmsis/system_stm32f4xx.o
 .data.SystemCoreClock
                0x00000000        0x4 ./system/src/cmsis/system_stm32f4xx.o
 .rodata.AHBPrescTable
                0x00000000       0x10 ./system/src/cmsis/system_stm32f4xx.o
 .text          0x00000000        0x0 ./system/src/cmsis/vectors_stm32f401xc.o
 .data          0x00000000        0x0 ./system/src/cmsis/vectors_stm32f401xc.o
 .bss           0x00000000        0x0 ./system/src/cmsis/vectors_stm32f401xc.o
 .text          0x00000000        0x0 ./src/MCAL/UART/UART_cfg.o
 .data          0x00000000        0x0 ./src/MCAL/UART/UART_cfg.o
 .bss           0x00000000        0x0 ./src/MCAL/UART/UART_cfg.o
 .data.uart1_cfg
                0x00000000       0x10 ./src/MCAL/UART/UART_cfg.o
 .data.uart6_cfg
                0x00000000       0x10 ./src/MCAL/UART/UART_cfg.o
 .text          0x00000000        0x0 ./src/MCAL/UART/UART_prg.o
 .data          0x00000000        0x0 ./src/MCAL/UART/UART_prg.o
 .bss           0x00000000        0x0 ./src/MCAL/UART/UART_prg.o
 .text.MUSART_vDisable
                0x00000000        0xa ./src/MCAL/UART/UART_prg.o
 .text.MUSART_vTransmitByteAsynch
                0x00000000        0xe ./src/MCAL/UART/UART_prg.o
 .text.MUSART_u8ReceiveByteSynchNonBlocking
                0x00000000       0x24 ./src/MCAL/UART/UART_prg.o
 .text.MUSART_u8ReceiveByteSynchBlocking
                0x00000000        0xc ./src/MCAL/UART/UART_prg.o
 .text.MUSART_ptrReceiveStringSynchNonBlocking
                0x00000000       0x2a ./src/MCAL/UART/UART_prg.o
 .text.MUSART_RxIntSetStatus
                0x00000000       0x18 ./src/MCAL/UART/UART_prg.o
 .text.MUSART_voidClearFlags
                0x00000000        0x6 ./src/MCAL/UART/UART_prg.o
 .text.MUSART_u8ReadDataRegisterAsynch
                0x00000000        0x6 ./src/MCAL/UART/UART_prg.o
 .text.MUSART1_vSetCallBack
                0x00000000        0xc ./src/MCAL/UART/UART_prg.o
 .text.MUSART2_vSetCallBack
                0x00000000        0xc ./src/MCAL/UART/UART_prg.o
 .text.MUSART6_vSetCallBack
                0x00000000        0xc ./src/MCAL/UART/UART_prg.o
 .text          0x00000000        0x0 ./src/MCAL/SYSTICK/STK_prg.o
 .data          0x00000000        0x0 ./src/MCAL/SYSTICK/STK_prg.o
 .bss           0x00000000        0x0 ./src/MCAL/SYSTICK/STK_prg.o
 .text.MSTK_vSetBusyWait
                0x00000000       0x20 ./src/MCAL/SYSTICK/STK_prg.o
 .text.MSTK_vSetInterval_Periodic
                0x00000000       0x24 ./src/MCAL/SYSTICK/STK_prg.o
 .text.MSTK_u32GetElapsedTime
                0x00000000       0x10 ./src/MCAL/SYSTICK/STK_prg.o
 .text.MSTK_u32GetRemainingTime
                0x00000000        0xc ./src/MCAL/SYSTICK/STK_prg.o
 .text          0x00000000        0x0 ./src/MCAL/RCC/RCC_prg.o
 .data          0x00000000        0x0 ./src/MCAL/RCC/RCC_prg.o
 .bss           0x00000000        0x0 ./src/MCAL/RCC/RCC_prg.o
 .text.MRCC_vDisableClock
                0x00000000       0xa8 ./src/MCAL/RCC/RCC_prg.o
 .text          0x00000000        0x0 ./src/MCAL/NVIC/NVIC_prg.o
 .data          0x00000000        0x0 ./src/MCAL/NVIC/NVIC_prg.o
 .bss           0x00000000        0x0 ./src/MCAL/NVIC/NVIC_prg.o
 .text.MNVIC_vEnableInteruptPeripheral
                0x00000000       0x18 ./src/MCAL/NVIC/NVIC_prg.o
 .text.MNVIC_vDisableInteruptPeripheral
                0x00000000       0x1c ./src/MCAL/NVIC/NVIC_prg.o
 .text.MNVIC_vSetPending
                0x00000000       0x1c ./src/MCAL/NVIC/NVIC_prg.o
 .text.MNVIC_vClearPending
                0x00000000       0x1c ./src/MCAL/NVIC/NVIC_prg.o
 .text.MNVIC_u8GetActive
                0x00000000       0x1c ./src/MCAL/NVIC/NVIC_prg.o
 .text.MNVIC_vSetPriorityCfg
                0x00000000        0xc ./src/MCAL/NVIC/NVIC_prg.o
 .text.MNVIC_vSetPriority
                0x00000000       0x9c ./src/MCAL/NVIC/NVIC_prg.o
 .debug_info    0x00000000      0x361 ./src/MCAL/NVIC/NVIC_prg.o
 .debug_abbrev  0x00000000      0x130 ./src/MCAL/NVIC/NVIC_prg.o
 .debug_loc     0x00000000      0x1c9 ./src/MCAL/NVIC/NVIC_prg.o
 .debug_aranges
                0x00000000       0x50 ./src/MCAL/NVIC/NVIC_prg.o
 .debug_ranges  0x00000000       0x40 ./src/MCAL/NVIC/NVIC_prg.o
 .debug_line    0x00000000      0x106 ./src/MCAL/NVIC/NVIC_prg.o
 .debug_str     0x00000000      0x345 ./src/MCAL/NVIC/NVIC_prg.o
 .comment       0x00000000       0x7f ./src/MCAL/NVIC/NVIC_prg.o
 .debug_frame   0x00000000       0x8c ./src/MCAL/NVIC/NVIC_prg.o
 .ARM.attributes
                0x00000000       0x33 ./src/MCAL/NVIC/NVIC_prg.o
 .text          0x00000000        0x0 ./src/MCAL/GPIO/GPIO_prg.o
 .data          0x00000000        0x0 ./src/MCAL/GPIO/GPIO_prg.o
 .bss           0x00000000        0x0 ./src/MCAL/GPIO/GPIO_prg.o
 .text.MGPIO_vSetPinInputPull
                0x00000000       0x48 ./src/MCAL/GPIO/GPIO_prg.o
 .text.MGPIO_u8GetPinValue
                0x00000000       0x20 ./src/MCAL/GPIO/GPIO_prg.o
 .text.MGPIO_vSetPinValue
                0x00000000       0x68 ./src/MCAL/GPIO/GPIO_prg.o
 .text.MGPIO_vSetPinValFast
                0x00000000       0x40 ./src/MCAL/GPIO/GPIO_prg.o
 .text.MGPIO_vInit
                0x00000000       0x3a ./src/MCAL/GPIO/GPIO_prg.o
 .text          0x00000000        0x0 ./src/MCAL/FMI/FMI_prg.o
 .data          0x00000000        0x0 ./src/MCAL/FMI/FMI_prg.o
 .bss           0x00000000        0x0 ./src/MCAL/FMI/FMI_prg.o
 .text          0x00000000        0x0 ./src/APP/HEXPARSER/HEXPARSER_prg.o
 .data          0x00000000        0x0 ./src/APP/HEXPARSER/HEXPARSER_prg.o
 .bss           0x00000000        0x0 ./src/APP/HEXPARSER/HEXPARSER_prg.o
 .bss.Higher_address
                0x00000000        0x1 ./src/APP/HEXPARSER/HEXPARSER_prg.o
 .text          0x00000000        0x0 ./src/_initialize_hardware.o
 .data          0x00000000        0x0 ./src/_initialize_hardware.o
 .bss           0x00000000        0x0 ./src/_initialize_hardware.o
 .text.SystemClock_Config
                0x00000000       0x94 ./src/_initialize_hardware.o
 .text          0x00000000        0x0 ./src/main.o
 .data          0x00000000        0x0 ./src/main.o
 .bss           0x00000000        0x0 ./src/main.o
 .text          0x00000000        0x0 ./src/stm32f4xx_hal_msp.o
 .data          0x00000000        0x0 ./src/stm32f4xx_hal_msp.o
 .bss           0x00000000        0x0 ./src/stm32f4xx_hal_msp.o
 .text.HAL_MspInit
                0x00000000        0x2 ./src/stm32f4xx_hal_msp.o
 .text.HAL_MspDeInit
                0x00000000        0x2 ./src/stm32f4xx_hal_msp.o
 .text.HAL_PPP_MspInit
                0x00000000        0x2 ./src/stm32f4xx_hal_msp.o
 .text.HAL_PPP_MspDeInit
                0x00000000        0x2 ./src/stm32f4xx_hal_msp.o
 .debug_info    0x00000000      0x8f3 ./src/stm32f4xx_hal_msp.o
 .debug_abbrev  0x00000000      0x1c6 ./src/stm32f4xx_hal_msp.o
 .debug_aranges
                0x00000000       0x20 ./src/stm32f4xx_hal_msp.o
 .debug_ranges  0x00000000       0x10 ./src/stm32f4xx_hal_msp.o
 .debug_line    0x00000000      0x15b ./src/stm32f4xx_hal_msp.o
 .debug_str     0x00000000      0x5ff ./src/stm32f4xx_hal_msp.o
 .comment       0x00000000       0x7f ./src/stm32f4xx_hal_msp.o
 .debug_frame   0x00000000       0x50 ./src/stm32f4xx_hal_msp.o
 .ARM.attributes
                0x00000000       0x33 ./src/stm32f4xx_hal_msp.o
 .text          0x00000000       0xa0 e:/arm_project/imt_sdk_win_64/winarm/armgcc/bin/../lib/gcc/arm-none-eabi/7.2.1/thumb/v7e-m\libgcc.a(_aeabi_ldivmod.o)
 .data          0x00000000        0x0 e:/arm_project/imt_sdk_win_64/winarm/armgcc/bin/../lib/gcc/arm-none-eabi/7.2.1/thumb/v7e-m\libgcc.a(_aeabi_ldivmod.o)
 .bss           0x00000000        0x0 e:/arm_project/imt_sdk_win_64/winarm/armgcc/bin/../lib/gcc/arm-none-eabi/7.2.1/thumb/v7e-m\libgcc.a(_aeabi_ldivmod.o)
 .debug_frame   0x00000000       0x44 e:/arm_project/imt_sdk_win_64/winarm/armgcc/bin/../lib/gcc/arm-none-eabi/7.2.1/thumb/v7e-m\libgcc.a(_aeabi_ldivmod.o)
 .ARM.attributes
                0x00000000       0x1e e:/arm_project/imt_sdk_win_64/winarm/armgcc/bin/../lib/gcc/arm-none-eabi/7.2.1/thumb/v7e-m\libgcc.a(_aeabi_ldivmod.o)
 .data          0x00000000        0x0 e:/arm_project/imt_sdk_win_64/winarm/armgcc/bin/../lib/gcc/arm-none-eabi/7.2.1/thumb/v7e-m\libgcc.a(_aeabi_uldivmod.o)
 .bss           0x00000000        0x0 e:/arm_project/imt_sdk_win_64/winarm/armgcc/bin/../lib/gcc/arm-none-eabi/7.2.1/thumb/v7e-m\libgcc.a(_aeabi_uldivmod.o)
 .data          0x00000000        0x0 e:/arm_project/imt_sdk_win_64/winarm/armgcc/bin/../lib/gcc/arm-none-eabi/7.2.1/thumb/v7e-m\libgcc.a(_udivmoddi4.o)
 .bss           0x00000000        0x0 e:/arm_project/imt_sdk_win_64/winarm/armgcc/bin/../lib/gcc/arm-none-eabi/7.2.1/thumb/v7e-m\libgcc.a(_udivmoddi4.o)
 .ARM.extab     0x00000000        0x0 e:/arm_project/imt_sdk_win_64/winarm/armgcc/bin/../lib/gcc/arm-none-eabi/7.2.1/thumb/v7e-m\libgcc.a(_udivmoddi4.o)
 .data          0x00000000        0x0 e:/arm_project/imt_sdk_win_64/winarm/armgcc/bin/../lib/gcc/arm-none-eabi/7.2.1/thumb/v7e-m\libgcc.a(_dvmd_tls.o)
 .bss           0x00000000        0x0 e:/arm_project/imt_sdk_win_64/winarm/armgcc/bin/../lib/gcc/arm-none-eabi/7.2.1/thumb/v7e-m\libgcc.a(_dvmd_tls.o)
 .text          0x00000000        0x0 e:/arm_project/imt_sdk_win_64/winarm/armgcc/bin/../lib/gcc/arm-none-eabi/7.2.1/../../../../arm-none-eabi/lib/thumb/v7e-m\libg_nano.a(lib_a-errno.o)
 .data          0x00000000        0x0 e:/arm_project/imt_sdk_win_64/winarm/armgcc/bin/../lib/gcc/arm-none-eabi/7.2.1/../../../../arm-none-eabi/lib/thumb/v7e-m\libg_nano.a(lib_a-errno.o)
 .bss           0x00000000        0x0 e:/arm_project/imt_sdk_win_64/winarm/armgcc/bin/../lib/gcc/arm-none-eabi/7.2.1/../../../../arm-none-eabi/lib/thumb/v7e-m\libg_nano.a(lib_a-errno.o)
 .text.__errno  0x00000000        0xc e:/arm_project/imt_sdk_win_64/winarm/armgcc/bin/../lib/gcc/arm-none-eabi/7.2.1/../../../../arm-none-eabi/lib/thumb/v7e-m\libg_nano.a(lib_a-errno.o)
 .debug_frame   0x00000000       0x20 e:/arm_project/imt_sdk_win_64/winarm/armgcc/bin/../lib/gcc/arm-none-eabi/7.2.1/../../../../arm-none-eabi/lib/thumb/v7e-m\libg_nano.a(lib_a-errno.o)
 .ARM.attributes
                0x00000000       0x2e e:/arm_project/imt_sdk_win_64/winarm/armgcc/bin/../lib/gcc/arm-none-eabi/7.2.1/../../../../arm-none-eabi/lib/thumb/v7e-m\libg_nano.a(lib_a-errno.o)
 .text          0x00000000        0x0 e:/arm_project/imt_sdk_win_64/winarm/armgcc/bin/../lib/gcc/arm-none-eabi/7.2.1/../../../../arm-none-eabi/lib/thumb/v7e-m\libg_nano.a(lib_a-impure.o)
 .data          0x00000000        0x0 e:/arm_project/imt_sdk_win_64/winarm/armgcc/bin/../lib/gcc/arm-none-eabi/7.2.1/../../../../arm-none-eabi/lib/thumb/v7e-m\libg_nano.a(lib_a-impure.o)
 .bss           0x00000000        0x0 e:/arm_project/imt_sdk_win_64/winarm/armgcc/bin/../lib/gcc/arm-none-eabi/7.2.1/../../../../arm-none-eabi/lib/thumb/v7e-m\libg_nano.a(lib_a-impure.o)
 .data._impure_ptr
                0x00000000        0x4 e:/arm_project/imt_sdk_win_64/winarm/armgcc/bin/../lib/gcc/arm-none-eabi/7.2.1/../../../../arm-none-eabi/lib/thumb/v7e-m\libg_nano.a(lib_a-impure.o)
 .data.impure_data
                0x00000000       0x60 e:/arm_project/imt_sdk_win_64/winarm/armgcc/bin/../lib/gcc/arm-none-eabi/7.2.1/../../../../arm-none-eabi/lib/thumb/v7e-m\libg_nano.a(lib_a-impure.o)
 .rodata._global_impure_ptr
                0x00000000        0x4 e:/arm_project/imt_sdk_win_64/winarm/armgcc/bin/../lib/gcc/arm-none-eabi/7.2.1/../../../../arm-none-eabi/lib/thumb/v7e-m\libg_nano.a(lib_a-impure.o)
 .ARM.attributes
                0x00000000       0x2e e:/arm_project/imt_sdk_win_64/winarm/armgcc/bin/../lib/gcc/arm-none-eabi/7.2.1/../../../../arm-none-eabi/lib/thumb/v7e-m\libg_nano.a(lib_a-impure.o)

Memory Configuration

Name             Origin             Length             Attributes
RAM              0x20000000         0x00010000         xrw
CCMRAM           0x10000000         0x00000000         xrw
FLASH            0x08000000         0x00004000         xr
FLASHB1          0x00000000         0x00000000         xr
EXTMEMB0         0x00000000         0x00000000         xr
EXTMEMB1         0x00000000         0x00000000         xr
EXTMEMB2         0x00000000         0x00000000         xr
EXTMEMB3         0x00000000         0x00000000         xr
*default*        0x00000000         0xffffffff

Linker script and memory map

LOAD ./system/src/stm32f4-hal/stm32f4xx_hal.o
LOAD ./system/src/stm32f4-hal/stm32f4xx_hal_cortex.o
LOAD ./system/src/stm32f4-hal/stm32f4xx_hal_dfsdm.o
LOAD ./system/src/stm32f4-hal/stm32f4xx_hal_flash.o
LOAD ./system/src/stm32f4-hal/stm32f4xx_hal_gpio.o
LOAD ./system/src/stm32f4-hal/stm32f4xx_hal_iwdg.o
LOAD ./system/src/stm32f4-hal/stm32f4xx_hal_pwr.o
LOAD ./system/src/stm32f4-hal/stm32f4xx_hal_rcc.o
LOAD ./system/src/newlib/_cxx.o
LOAD ./system/src/newlib/_exit.o
LOAD ./system/src/newlib/_sbrk.o
LOAD ./system/src/newlib/_startup.o
LOAD ./system/src/newlib/_syscalls.o
LOAD ./system/src/newlib/assert.o
LOAD ./system/src/diag/Trace.o
LOAD ./system/src/diag/trace_impl.o
LOAD ./system/src/cortexm/_initialize_hardware.o
LOAD ./system/src/cortexm/_reset_hardware.o
LOAD ./system/src/cortexm/exception_handlers.o
LOAD ./system/src/cmsis/system_stm32f4xx.o
LOAD ./system/src/cmsis/vectors_stm32f401xc.o
LOAD ./src/MCAL/UART/UART_cfg.o
LOAD ./src/MCAL/UART/UART_prg.o
LOAD ./src/MCAL/SYSTICK/STK_prg.o
LOAD ./src/MCAL/RCC/RCC_prg.o
LOAD ./src/MCAL/NVIC/NVIC_prg.o
LOAD ./src/MCAL/GPIO/GPIO_prg.o
LOAD ./src/MCAL/FMI/FMI_prg.o
LOAD ./src/APP/HEXPARSER/HEXPARSER_prg.o
LOAD ./src/_initialize_hardware.o
LOAD ./src/main.o
LOAD ./src/stm32f4xx_hal_msp.o
LOAD e:/arm_project/imt_sdk_win_64/winarm/armgcc/bin/../lib/gcc/arm-none-eabi/7.2.1/../../../../arm-none-eabi/lib/thumb/v7e-m\libstdc++_nano.a
LOAD e:/arm_project/imt_sdk_win_64/winarm/armgcc/bin/../lib/gcc/arm-none-eabi/7.2.1/../../../../arm-none-eabi/lib/thumb/v7e-m\libm.a
START GROUP
LOAD e:/arm_project/imt_sdk_win_64/winarm/armgcc/bin/../lib/gcc/arm-none-eabi/7.2.1/thumb/v7e-m\libgcc.a
LOAD e:/arm_project/imt_sdk_win_64/winarm/armgcc/bin/../lib/gcc/arm-none-eabi/7.2.1/../../../../arm-none-eabi/lib/thumb/v7e-m\libg_nano.a
LOAD e:/arm_project/imt_sdk_win_64/winarm/armgcc/bin/../lib/gcc/arm-none-eabi/7.2.1/../../../../arm-none-eabi/lib/thumb/v7e-m\libc_nano.a
END GROUP
START GROUP
LOAD e:/arm_project/imt_sdk_win_64/winarm/armgcc/bin/../lib/gcc/arm-none-eabi/7.2.1/thumb/v7e-m\libgcc.a
LOAD e:/arm_project/imt_sdk_win_64/winarm/armgcc/bin/../lib/gcc/arm-none-eabi/7.2.1/../../../../arm-none-eabi/lib/thumb/v7e-m\libc_nano.a
END GROUP
                0x20010000                __stack = (ORIGIN (RAM) + LENGTH (RAM))
                0x20010000                _estack = __stack
                0x00000400                __Main_Stack_Size = 0x400
                [!provide]                PROVIDE (_Main_Stack_Size, __Main_Stack_Size)
                0x2000fc00                __Main_Stack_Limit = (__stack - __Main_Stack_Size)
                [!provide]                PROVIDE (_Main_Stack_Limit, __Main_Stack_Limit)
                0x00000100                _Minimum_Stack_Size = 0x100
                0x20000038                PROVIDE (_Heap_Begin, _end_noinit)
                0x2000fc00                PROVIDE (_Heap_Limit, (__stack - __Main_Stack_Size))

.isr_vector     0x08000000      0x2c6
 FILL mask 0xff
                0x08000000                __vectors_start = ABSOLUTE (.)
                0x08000000                __vectors_start__ = ABSOLUTE (.)
 *(.isr_vector)
 .isr_vector    0x08000000      0x194 ./system/src/cmsis/vectors_stm32f401xc.o
                0x08000000                __isr_vectors
 *(.cfmconfig)
 *(.after_vectors .after_vectors.*)
 .after_vectors
                0x08000194       0xcc ./system/src/newlib/_startup.o
                0x08000194                _start
 .after_vectors
                0x08000260       0x64 ./system/src/cortexm/exception_handlers.o
                0x08000260                Reset_Handler
                0x08000264                NMI_Handler
                0x08000266                HardFault_Handler
                0x0800027a                HardFault_Handler_C
                0x0800027c                MemManage_Handler
                0x0800027e                BusFault_Handler
                0x08000292                BusFault_Handler_C
                0x08000294                UsageFault_Handler
                0x080002a8                UsageFault_Handler_C
                0x080002aa                SVC_Handler
                0x080002ac                DebugMon_Handler
                0x080002ae                PendSV_Handler
 .after_vectors
                0x080002c4        0x2 ./system/src/cmsis/vectors_stm32f401xc.o
                0x080002c4                RTC_Alarm_IRQHandler
                0x080002c4                EXTI2_IRQHandler
                0x080002c4                SPI4_IRQHandler
                0x080002c4                TIM1_CC_IRQHandler
                0x080002c4                DMA2_Stream5_IRQHandler
                0x080002c4                DMA1_Stream5_IRQHandler
                0x080002c4                PVD_IRQHandler
                0x080002c4                SDIO_IRQHandler
                0x080002c4                TAMP_STAMP_IRQHandler
                0x080002c4                EXTI3_IRQHandler
                0x080002c4                TIM1_UP_TIM10_IRQHandler
                0x080002c4                I2C3_ER_IRQHandler
                0x080002c4                EXTI0_IRQHandler
                0x080002c4                I2C2_EV_IRQHandler
                0x080002c4                DMA1_Stream2_IRQHandler
                0x080002c4                FPU_IRQHandler
                0x080002c4                DMA2_Stream2_IRQHandler
                0x080002c4                SPI1_IRQHandler
                0x080002c4                TIM1_BRK_TIM9_IRQHandler
                0x080002c4                DMA2_Stream3_IRQHandler
                0x080002c4                DMA2_Stream0_IRQHandler
                0x080002c4                TIM4_IRQHandler
                0x080002c4                I2C1_EV_IRQHandler
                0x080002c4                DMA1_Stream6_IRQHandler
                0x080002c4                DMA1_Stream1_IRQHandler
                0x080002c4                TIM3_IRQHandler
                0x080002c4                RCC_IRQHandler
                0x080002c4                Default_Handler
                0x080002c4                EXTI15_10_IRQHandler
                0x080002c4                ADC_IRQHandler
                0x080002c4                DMA1_Stream7_IRQHandler
                0x080002c4                TIM5_IRQHandler
                0x080002c4                DMA2_Stream7_IRQHandler
                0x080002c4                I2C3_EV_IRQHandler
                0x080002c4                EXTI9_5_IRQHandler
                0x080002c4                RTC_WKUP_IRQHandler
                0x080002c4                SPI2_IRQHandler
                0x080002c4                DMA1_Stream0_IRQHandler
                0x080002c4                EXTI4_IRQHandler
                0x080002c4                WWDG_IRQHandler
                0x080002c4                TIM2_IRQHandler
                0x080002c4                OTG_FS_WKUP_IRQHandler
                0x080002c4                TIM1_TRG_COM_TIM11_IRQHandler
                0x080002c4                EXTI1_IRQHandler
                0x080002c4                I2C2_ER_IRQHandler
                0x080002c4                DMA2_Stream1_IRQHandler
                0x080002c4                FLASH_IRQHandler
                0x080002c4                DMA2_Stream4_IRQHandler
                0x080002c4                OTG_FS_IRQHandler
                0x080002c4                SPI3_IRQHandler
                0x080002c4                DMA1_Stream4_IRQHandler
                0x080002c4                I2C1_ER_IRQHandler
                0x080002c4                DMA2_Stream6_IRQHandler
                0x080002c4                DMA1_Stream3_IRQHandler

.inits          0x080002c8       0x28
                0x080002c8                __data_regions_array_start = .
                0x080002c8        0x4 LONG 0x8000df8 LOADADDR (.data)
                0x080002cc        0x4 LONG 0x20000000 ADDR (.data)
                0x080002d0        0x4 LONG 0x2000001c (ADDR (.data) + SIZEOF (.data))
                0x080002d4        0x4 LONG 0x8000df8 LOADADDR (.data_CCMRAM)
                0x080002d8        0x4 LONG 0x10000000 ADDR (.data_CCMRAM)
                0x080002dc        0x4 LONG 0x10000000 (ADDR (.data_CCMRAM) + SIZEOF (.data_CCMRAM))
                0x080002e0                __data_regions_array_end = .
                0x080002e0                __bss_regions_array_start = .
                0x080002e0        0x4 LONG 0x2000001c ADDR (.bss)
                0x080002e4        0x4 LONG 0x20000038 (ADDR (.bss) + SIZEOF (.bss))
                0x080002e8        0x4 LONG 0x10000000 ADDR (.bss_CCMRAM)
                0x080002ec        0x4 LONG 0x10000000 (ADDR (.bss_CCMRAM) + SIZEOF (.bss_CCMRAM))
                0x080002f0                __bss_regions_array_end = .
 *(.init)
 *(.fini)
                0x080002f0                . = ALIGN (0x4)
                0x080002f0                PROVIDE (__preinit_array_start, .)
 *(.preinit_array_sysinit .preinit_array_sysinit.*)
 *(.preinit_array_platform .preinit_array_platform.*)
 *(.preinit_array .preinit_array.*)
                0x080002f0                PROVIDE (__preinit_array_end, .)
                0x080002f0                . = ALIGN (0x4)
                0x080002f0                PROVIDE (__init_array_start, .)
 *(SORT_BY_NAME(.init_array.*))
 *(.init_array)
                0x080002f0                PROVIDE (__init_array_end, .)
                0x080002f0                . = ALIGN (0x4)
                0x080002f0                PROVIDE (__fini_array_start, .)
 *(SORT_BY_NAME(.fini_array.*))
 *(.fini_array)
                0x080002f0                PROVIDE (__fini_array_end, .)

.flashtext
 *(.flashtext .flashtext.*)

.text           0x080002f0      0xaff
 *(.text .text.*)
 .text._exit    0x080002f0        0x6 ./system/src/newlib/_exit.o
                0x080002f0                _exit
 *fill*         0x080002f6        0x2 
 .text.__initialize_args
                0x080002f8       0x10 ./system/src/newlib/_syscalls.o
                0x080002f8                __initialize_args
 .text.__initialize_hardware_early
                0x08000308       0x18 ./system/src/cortexm/_initialize_hardware.o
                0x08000308                __initialize_hardware_early
 .text.__reset_hardware
                0x08000320       0x24 ./system/src/cortexm/_reset_hardware.o
                0x08000320                __reset_hardware
 .text.SystemInit
                0x08000344       0x40 ./system/src/cmsis/system_stm32f4xx.o
                0x08000344                SystemInit
 *fill*         0x08000384        0x4 
 .text.MUSART_vInit
                0x08000388       0xc0 ./src/MCAL/UART/UART_prg.o
                0x08000388                MUSART_vInit
 .text.MUSART_vEnable
                0x08000448        0xa ./src/MCAL/UART/UART_prg.o
                0x08000448                MUSART_vEnable
 .text.MUSART_vTransmitByteSynch
                0x08000452       0x18 ./src/MCAL/UART/UART_prg.o
                0x08000452                MUSART_vTransmitByteSynch
 .text.MUSART_vTransmitString
                0x0800046a       0x1a ./src/MCAL/UART/UART_prg.o
                0x0800046a                MUSART_vTransmitString
 .text.MUSART_u8ReceiveByteAsynch_
                0x08000484       0x14 ./src/MCAL/UART/UART_prg.o
                0x08000484                MUSART_u8ReceiveByteAsynch_
 .text.USART1_IRQHandler
                0x08000498       0x18 ./src/MCAL/UART/UART_prg.o
                0x08000498                USART1_IRQHandler
 .text.USART2_IRQHandler
                0x080004b0       0x18 ./src/MCAL/UART/UART_prg.o
                0x080004b0                USART2_IRQHandler
 .text.USART6_IRQHandler
                0x080004c8       0x18 ./src/MCAL/UART/UART_prg.o
                0x080004c8                USART6_IRQHandler
 .text.MSTK_vInit
                0x080004e0       0x18 ./src/MCAL/SYSTICK/STK_prg.o
                0x080004e0                MSTK_vInit
 .text.MSTK_vStopTimer
                0x080004f8       0x14 ./src/MCAL/SYSTICK/STK_prg.o
                0x080004f8                MSTK_vStopTimer
 .text.MSTK_vStartTimer
                0x0800050c       0x10 ./src/MCAL/SYSTICK/STK_prg.o
                0x0800050c                MSTK_vStartTimer
 .text.MSTK_vSetInterval_Single
                0x0800051c       0x20 ./src/MCAL/SYSTICK/STK_prg.o
                0x0800051c                MSTK_vSetInterval_Single
 .text.SysTick_Handler
                0x0800053c       0x2c ./src/MCAL/SYSTICK/STK_prg.o
                0x0800053c                SysTick_Handler
 .text.MRCC_vInit
                0x08000568       0x60 ./src/MCAL/RCC/RCC_prg.o
                0x08000568                MRCC_vInit
 .text.MRCC_vEnableClock
                0x080005c8       0x98 ./src/MCAL/RCC/RCC_prg.o
                0x080005c8                MRCC_vEnableClock
 .text.MGPIO_vSetPinMode
                0x08000660       0x50 ./src/MCAL/GPIO/GPIO_prg.o
                0x08000660                MGPIO_vSetPinMode
 .text.MGPIO_vSetPinOutputType
                0x080006b0       0x6c ./src/MCAL/GPIO/GPIO_prg.o
                0x080006b0                MGPIO_vSetPinOutputType
 .text.MGPIO_vSetPinOutputSpeed
                0x0800071c       0x50 ./src/MCAL/GPIO/GPIO_prg.o
                0x0800071c                MGPIO_vSetPinOutputSpeed
 .text.MGPIO_vSetAlternativeFunction
                0x0800076c       0x80 ./src/MCAL/GPIO/GPIO_prg.o
                0x0800076c                MGPIO_vSetAlternativeFunction
 .text.MFMI_vSectorErase
                0x080007ec       0x5c ./src/MCAL/FMI/FMI_prg.o
                0x080007ec                MFMI_vSectorErase
 .text.MFMI_vEraseAppArea
                0x08000848       0x14 ./src/MCAL/FMI/FMI_prg.o
                0x08000848                MFMI_vEraseAppArea
 .text.MFMI_vFlashWrite
                0x0800085c       0x6c ./src/MCAL/FMI/FMI_prg.o
                0x0800085c                MFMI_vFlashWrite
 .text.HEXPARSER_u8AsciiToHex
                0x080008c8       0x20 ./src/APP/HEXPARSER/HEXPARSER_prg.o
 .text.HEXPARSER_vParseData
                0x080008e8       0xae ./src/APP/HEXPARSER/HEXPARSER_prg.o
                0x080008e8                HEXPARSER_vParseData
 .text.__initialize_hardware
                0x08000996        0x2 ./src/_initialize_hardware.o
                0x08000996                __initialize_hardware
 .text.APP_vTest
                0x08000998       0x2c ./src/main.o
                0x08000998                APP_vTest
 .text.startup.main
                0x080009c4      0x128 ./src/main.o
                0x080009c4                main
 .text          0x08000aec       0x30 e:/arm_project/imt_sdk_win_64/winarm/armgcc/bin/../lib/gcc/arm-none-eabi/7.2.1/thumb/v7e-m\libgcc.a(_aeabi_uldivmod.o)
                0x08000aec                __aeabi_uldivmod
 .text          0x08000b1c      0x2cc e:/arm_project/imt_sdk_win_64/winarm/armgcc/bin/../lib/gcc/arm-none-eabi/7.2.1/thumb/v7e-m\libgcc.a(_udivmoddi4.o)
                0x08000b1c                __udivmoddi4
 .text          0x08000de8        0x4 e:/arm_project/imt_sdk_win_64/winarm/armgcc/bin/../lib/gcc/arm-none-eabi/7.2.1/thumb/v7e-m\libgcc.a(_dvmd_tls.o)
                0x08000de8                __aeabi_idiv0
                0x08000de8                __aeabi_ldiv0
 *(.rodata .rodata.* .constdata .constdata.*)
 .rodata.main.str1.1
                0x08000dec        0x3 ./src/main.o
 *(vtable)
 *(.eh_frame*)
 *(.glue_7)
 .glue_7        0x08000def        0x0 linker stubs
 *(.glue_7t)
 .glue_7t       0x08000def        0x0 linker stubs

.vfp11_veneer   0x08000df0        0x0
 .vfp11_veneer  0x08000df0        0x0 linker stubs

.v4_bx          0x08000df0        0x0
 .v4_bx         0x08000df0        0x0 linker stubs

.iplt           0x08000df0        0x0
 .iplt          0x08000df0        0x0 ./system/src/newlib/_exit.o

.ARM.extab
 *(.ARM.extab* .gnu.linkonce.armextab.*)
                0x08000df0                . = ALIGN (0x4)
                0x08000df0                __exidx_start = .

.ARM.exidx      0x08000df0        0x8
 *(.ARM.exidx* .gnu.linkonce.armexidx.*)
 .ARM.exidx     0x08000df0        0x8 e:/arm_project/imt_sdk_win_64/winarm/armgcc/bin/../lib/gcc/arm-none-eabi/7.2.1/thumb/v7e-m\libgcc.a(_udivmoddi4.o)
                0x08000df8                __exidx_end = .

.rel.dyn        0x08000df8        0x0
 .rel.iplt      0x08000df8        0x0 ./system/src/newlib/_exit.o
                0x08000df8                . = ALIGN (0x4)
                0x08000df8                _etext = .
                0x08000df8                __etext = .

.data_CCMRAM    0x10000000        0x0 load address 0x08000df8
 FILL mask 0xff
 *(.data.CCMRAM .data.CCMRAM.*)
                0x10000000                . = ALIGN (0x4)
                0x08000df8                _sidata = LOADADDR (.data)

.data           0x20000000       0x1c load address 0x08000df8
 FILL mask 0xff
                0x20000000                _sdata = .
                0x20000000                __data_start__ = .
 *(.data_begin .data_begin.*)
 *(.data .data.*)
 .data.argv.4310
                0x20000000        0x8 ./system/src/newlib/_syscalls.o
 .data.uart2_cfg
                0x20000008       0x10 ./src/MCAL/UART/UART_cfg.o
                0x20000008                uart2_cfg
 .data.Flag     0x20000018        0x1 ./src/main.o
                0x20000018                Flag
 *(.data_end .data_end.*)
                0x2000001c                . = ALIGN (0x4)
 *fill*         0x20000019        0x3 ff
                0x2000001c                _edata = .
                0x2000001c                __data_end__ = .

.igot.plt       0x2000001c        0x0 load address 0x08000e14
 .igot.plt      0x2000001c        0x0 ./system/src/newlib/_exit.o

.bss_CCMRAM     0x10000000        0x0
 *(.bss.CCMRAM .bss.CCMRAM.*)

.bss            0x2000001c       0x1c
                0x2000001c                __bss_start__ = .
                0x2000001c                _sbss = .
 *(.bss_begin .bss_begin.*)
 *(.bss .bss.*)
 .bss.name.4309
                0x2000001c        0x1 ./system/src/newlib/_syscalls.o
 *fill*         0x2000001d        0x3 
 .bss.G_vCallBack
                0x20000020        0x4 ./src/MCAL/SYSTICK/STK_prg.o
                0x20000020                G_vCallBack
 .bss.APP       0x20000024        0x4 ./src/main.o
                0x20000024                APP
 *(COMMON)
 COMMON         0x20000028        0xc ./src/MCAL/UART/UART_prg.o
                0x20000028                MUSART2_CallBack
                0x2000002c                MUSART6_CallBack
                0x20000030                MUSART1_CallBack
 COMMON         0x20000034        0x1 ./src/MCAL/SYSTICK/STK_prg.o
                0x20000034                G_u8Flag
 *(.bss_end .bss_end.*)
                0x20000038                . = ALIGN (0x4)
 *fill*         0x20000035        0x3 
                0x20000038                __bss_end__ = .
                0x20000038                _ebss = .

.noinit_CCMRAM
 *(.noinit.CCMRAM .noinit.CCMRAM.*)

.noinit         0x20000038        0x0
                0x20000038                _noinit = .
 *(.noinit .noinit.*)
                0x20000038                . = ALIGN (0x4)
                0x20000038                _end_noinit = .
                [!provide]                PROVIDE (end, _end_noinit)
                [!provide]                PROVIDE (_end, _end_noinit)
                [!provide]                PROVIDE (__end, _end_noinit)
                [!provide]                PROVIDE (__end__, _end_noinit)

._check_stack   0x20000038      0x100
                0x20000138                . = (. + _Minimum_Stack_Size)
 *fill*         0x20000038      0x100 

.b1text
 *(.b1text)
 *(.b1rodata)
 *(.b1rodata.*)

.eb0text
 *(.eb0text)
 *(.eb0rodata)
 *(.eb0rodata.*)

.eb1text
 *(.eb1text)
 *(.eb1rodata)
 *(.eb1rodata.*)

.eb2text
 *(.eb2text)
 *(.eb2rodata)
 *(.eb2rodata.*)

.eb3text
 *(.eb3text)
 *(.eb3rodata)
 *(.eb3rodata.*)

.stab
 *(.stab)

.stabstr
 *(.stabstr)

.stab.excl
 *(.stab.excl)

.stab.exclstr
 *(.stab.exclstr)

.stab.index
 *(.stab.index)

.stab.indexstr
 *(.stab.indexstr)

.comment        0x00000000       0x7e
 *(.comment)
 .comment       0x00000000       0x7e ./system/src/newlib/_exit.o
                                 0x7f (size before relaxing)
 .comment       0x0000007e       0x7f ./system/src/newlib/_startup.o
 .comment       0x0000007e       0x7f ./system/src/newlib/_syscalls.o
 .comment       0x0000007e       0x7f ./system/src/cortexm/_initialize_hardware.o
 .comment       0x0000007e       0x7f ./system/src/cortexm/_reset_hardware.o
 .comment       0x0000007e       0x7f ./system/src/cortexm/exception_handlers.o
 .comment       0x0000007e       0x7f ./system/src/cmsis/system_stm32f4xx.o
 .comment       0x0000007e       0x7f ./system/src/cmsis/vectors_stm32f401xc.o
 .comment       0x0000007e       0x7f ./src/MCAL/UART/UART_cfg.o
 .comment       0x0000007e       0x7f ./src/MCAL/UART/UART_prg.o
 .comment       0x0000007e       0x7f ./src/MCAL/SYSTICK/STK_prg.o
 .comment       0x0000007e       0x7f ./src/MCAL/RCC/RCC_prg.o
 .comment       0x0000007e       0x7f ./src/MCAL/GPIO/GPIO_prg.o
 .comment       0x0000007e       0x7f ./src/MCAL/FMI/FMI_prg.o
 .comment       0x0000007e       0x7f ./src/APP/HEXPARSER/HEXPARSER_prg.o
 .comment       0x0000007e       0x7f ./src/_initialize_hardware.o
 .comment       0x0000007e       0x7f ./src/main.o

.ARM.attributes
                0x00000000       0x33
 .ARM.attributes
                0x00000000       0x33 ./system/src/newlib/_exit.o
 .ARM.attributes
                0x00000033       0x33 ./system/src/newlib/_startup.o
 .ARM.attributes
                0x00000066       0x33 ./system/src/newlib/_syscalls.o
 .ARM.attributes
                0x00000099       0x33 ./system/src/cortexm/_initialize_hardware.o
 .ARM.attributes
                0x000000cc       0x33 ./system/src/cortexm/_reset_hardware.o
 .ARM.attributes
                0x000000ff       0x33 ./system/src/cortexm/exception_handlers.o
 .ARM.attributes
                0x00000132       0x33 ./system/src/cmsis/system_stm32f4xx.o
 .ARM.attributes
                0x00000165       0x33 ./system/src/cmsis/vectors_stm32f401xc.o
 .ARM.attributes
                0x00000198       0x33 ./src/MCAL/UART/UART_cfg.o
 .ARM.attributes
                0x000001cb       0x33 ./src/MCAL/UART/UART_prg.o
 .ARM.attributes
                0x000001fe       0x33 ./src/MCAL/SYSTICK/STK_prg.o
 .ARM.attributes
                0x00000231       0x33 ./src/MCAL/RCC/RCC_prg.o
 .ARM.attributes
                0x00000264       0x33 ./src/MCAL/GPIO/GPIO_prg.o
 .ARM.attributes
                0x00000297       0x33 ./src/MCAL/FMI/FMI_prg.o
 .ARM.attributes
                0x000002ca       0x33 ./src/APP/HEXPARSER/HEXPARSER_prg.o
 .ARM.attributes
                0x000002fd       0x33 ./src/_initialize_hardware.o
 .ARM.attributes
                0x00000330       0x33 ./src/main.o
 .ARM.attributes
                0x00000363       0x1e e:/arm_project/imt_sdk_win_64/winarm/armgcc/bin/../lib/gcc/arm-none-eabi/7.2.1/thumb/v7e-m\libgcc.a(_aeabi_uldivmod.o)
 .ARM.attributes
                0x00000381       0x2e e:/arm_project/imt_sdk_win_64/winarm/armgcc/bin/../lib/gcc/arm-none-eabi/7.2.1/thumb/v7e-m\libgcc.a(_udivmoddi4.o)
 .ARM.attributes
                0x000003af       0x1e e:/arm_project/imt_sdk_win_64/winarm/armgcc/bin/../lib/gcc/arm-none-eabi/7.2.1/thumb/v7e-m\libgcc.a(_dvmd_tls.o)

.debug
 *(.debug)

.line
 *(.line)

.debug_srcinfo
 *(.debug_srcinfo)

.debug_sfnames
 *(.debug_sfnames)

.debug_aranges  0x00000000      0x408
 *(.debug_aranges)
 .debug_aranges
                0x00000000       0x28 ./system/src/newlib/_exit.o
 .debug_aranges
                0x00000028       0x40 ./system/src/newlib/_startup.o
 .debug_aranges
                0x00000068       0x30 ./system/src/newlib/_syscalls.o
 .debug_aranges
                0x00000098       0x28 ./system/src/cortexm/_initialize_hardware.o
 .debug_aranges
                0x000000c0       0x20 ./system/src/cortexm/_reset_hardware.o
 .debug_aranges
                0x000000e0       0x80 ./system/src/cortexm/exception_handlers.o
 .debug_aranges
                0x00000160       0x28 ./system/src/cmsis/system_stm32f4xx.o
 .debug_aranges
                0x00000188       0x20 ./system/src/cmsis/vectors_stm32f401xc.o
 .debug_aranges
                0x000001a8       0x18 ./src/MCAL/UART/UART_cfg.o
 .debug_aranges
                0x000001c0       0xb0 ./src/MCAL/UART/UART_prg.o
 .debug_aranges
                0x00000270       0x60 ./src/MCAL/SYSTICK/STK_prg.o
 .debug_aranges
                0x000002d0       0x30 ./src/MCAL/RCC/RCC_prg.o
 .debug_aranges
                0x00000300       0x60 ./src/MCAL/GPIO/GPIO_prg.o
 .debug_aranges
                0x00000360       0x30 ./src/MCAL/FMI/FMI_prg.o
 .debug_aranges
                0x00000390       0x28 ./src/APP/HEXPARSER/HEXPARSER_prg.o
 .debug_aranges
                0x000003b8       0x28 ./src/_initialize_hardware.o
 .debug_aranges
                0x000003e0       0x28 ./src/main.o

.debug_pubnames
 *(.debug_pubnames)

.debug_info     0x00000000     0x6d5f
 *(.debug_info .gnu.linkonce.wi.*)
 .debug_info    0x00000000      0x960 ./system/src/newlib/_exit.o
 .debug_info    0x00000960      0x457 ./system/src/newlib/_startup.o
 .debug_info    0x00000db7      0xa15 ./system/src/newlib/_syscalls.o
 .debug_info    0x000017cc      0xada ./system/src/cortexm/_initialize_hardware.o
 .debug_info    0x000022a6      0xaec ./system/src/cortexm/_reset_hardware.o
 .debug_info    0x00002d92      0xae5 ./system/src/cortexm/exception_handlers.o
 .debug_info    0x00003877      0xcfa ./system/src/cmsis/system_stm32f4xx.o
 .debug_info    0x00004571       0xc6 ./system/src/cmsis/vectors_stm32f401xc.o
 .debug_info    0x00004637      0x115 ./src/MCAL/UART/UART_cfg.o
 .debug_info    0x0000474c      0x52f ./src/MCAL/UART/UART_prg.o
 .debug_info    0x00004c7b      0x221 ./src/MCAL/SYSTICK/STK_prg.o
 .debug_info    0x00004e9c      0x312 ./src/MCAL/RCC/RCC_prg.o
 .debug_info    0x000051ae      0x54f ./src/MCAL/GPIO/GPIO_prg.o
 .debug_info    0x000056fd      0x19e ./src/MCAL/FMI/FMI_prg.o
 .debug_info    0x0000589b      0x268 ./src/APP/HEXPARSER/HEXPARSER_prg.o
 .debug_info    0x00005b03      0xcfa ./src/_initialize_hardware.o
 .debug_info    0x000067fd      0x562 ./src/main.o

.debug_abbrev   0x00000000     0x197a
 *(.debug_abbrev)
 .debug_abbrev  0x00000000      0x210 ./system/src/newlib/_exit.o
 .debug_abbrev  0x00000210      0x1bf ./system/src/newlib/_startup.o
 .debug_abbrev  0x000003cf      0x231 ./system/src/newlib/_syscalls.o
 .debug_abbrev  0x00000600      0x1e9 ./system/src/cortexm/_initialize_hardware.o
 .debug_abbrev  0x000007e9      0x201 ./system/src/cortexm/_reset_hardware.o
 .debug_abbrev  0x000009ea      0x1fe ./system/src/cortexm/exception_handlers.o
 .debug_abbrev  0x00000be8      0x213 ./system/src/cmsis/system_stm32f4xx.o
 .debug_abbrev  0x00000dfb       0x9a ./system/src/cmsis/vectors_stm32f401xc.o
 .debug_abbrev  0x00000e95       0x62 ./src/MCAL/UART/UART_cfg.o
 .debug_abbrev  0x00000ef7      0x162 ./src/MCAL/UART/UART_prg.o
 .debug_abbrev  0x00001059      0x127 ./src/MCAL/SYSTICK/STK_prg.o
 .debug_abbrev  0x00001180       0xce ./src/MCAL/RCC/RCC_prg.o
 .debug_abbrev  0x0000124e      0x15f ./src/MCAL/GPIO/GPIO_prg.o
 .debug_abbrev  0x000013ad       0xdf ./src/MCAL/FMI/FMI_prg.o
 .debug_abbrev  0x0000148c      0x156 ./src/APP/HEXPARSER/HEXPARSER_prg.o
 .debug_abbrev  0x000015e2      0x231 ./src/_initialize_hardware.o
 .debug_abbrev  0x00001813      0x167 ./src/main.o

.debug_line     0x00000000     0x16f4
 *(.debug_line)
 .debug_line    0x00000000      0x19d ./system/src/newlib/_exit.o
 .debug_line    0x0000019d      0x131 ./system/src/newlib/_startup.o
 .debug_line    0x000002ce      0x1b6 ./system/src/newlib/_syscalls.o
 .debug_line    0x00000484      0x181 ./system/src/cortexm/_initialize_hardware.o
 .debug_line    0x00000605      0x18d ./system/src/cortexm/_reset_hardware.o
 .debug_line    0x00000792      0x1d3 ./system/src/cortexm/exception_handlers.o
 .debug_line    0x00000965      0x1ad ./system/src/cmsis/system_stm32f4xx.o
 .debug_line    0x00000b12       0x5a ./system/src/cmsis/vectors_stm32f401xc.o
 .debug_line    0x00000b6c       0x74 ./src/MCAL/UART/UART_cfg.o
 .debug_line    0x00000be0      0x217 ./src/MCAL/UART/UART_prg.o
 .debug_line    0x00000df7      0x12c ./src/MCAL/SYSTICK/STK_prg.o
 .debug_line    0x00000f23       0xe5 ./src/MCAL/RCC/RCC_prg.o
 .debug_line    0x00001008      0x199 ./src/MCAL/GPIO/GPIO_prg.o
 .debug_line    0x000011a1       0xf1 ./src/MCAL/FMI/FMI_prg.o
 .debug_line    0x00001292       0xfd ./src/APP/HEXPARSER/HEXPARSER_prg.o
 .debug_line    0x0000138f      0x20c ./src/_initialize_hardware.o
 .debug_line    0x0000159b      0x159 ./src/main.o

.debug_frame    0x00000000      0x758
 *(.debug_frame)
 .debug_frame   0x00000000       0x40 ./system/src/newlib/_exit.o
 .debug_frame   0x00000040       0x80 ./system/src/newlib/_startup.o
 .debug_frame   0x000000c0       0x50 ./system/src/newlib/_syscalls.o
 .debug_frame   0x00000110       0x38 ./system/src/cortexm/_initialize_hardware.o
 .debug_frame   0x00000148       0x20 ./system/src/cortexm/_reset_hardware.o
 .debug_frame   0x00000168       0xe0 ./system/src/cortexm/exception_handlers.o
 .debug_frame   0x00000248       0x38 ./system/src/cmsis/system_stm32f4xx.o
 .debug_frame   0x00000280       0x20 ./system/src/cmsis/vectors_stm32f401xc.o
 .debug_frame   0x000002a0      0x168 ./src/MCAL/UART/UART_prg.o
 .debug_frame   0x00000408       0xb4 ./src/MCAL/SYSTICK/STK_prg.o
 .debug_frame   0x000004bc       0x40 ./src/MCAL/RCC/RCC_prg.o
 .debug_frame   0x000004fc       0xcc ./src/MCAL/GPIO/GPIO_prg.o
 .debug_frame   0x000005c8       0x54 ./src/MCAL/FMI/FMI_prg.o
 .debug_frame   0x0000061c       0x50 ./src/APP/HEXPARSER/HEXPARSER_prg.o
 .debug_frame   0x0000066c       0x44 ./src/_initialize_hardware.o
 .debug_frame   0x000006b0       0x48 ./src/main.o
 .debug_frame   0x000006f8       0x2c e:/arm_project/imt_sdk_win_64/winarm/armgcc/bin/../lib/gcc/arm-none-eabi/7.2.1/thumb/v7e-m\libgcc.a(_aeabi_uldivmod.o)
 .debug_frame   0x00000724       0x34 e:/arm_project/imt_sdk_win_64/winarm/armgcc/bin/../lib/gcc/arm-none-eabi/7.2.1/thumb/v7e-m\libgcc.a(_udivmoddi4.o)

.debug_str      0x00000000     0x1663
 *(.debug_str)
 .debug_str     0x00000000      0x58a ./system/src/newlib/_exit.o
                                0x5fb (size before relaxing)
 .debug_str     0x0000058a      0x1a3 ./system/src/newlib/_startup.o
                                0x363 (size before relaxing)
 .debug_str     0x0000072d       0x8a ./system/src/newlib/_syscalls.o
                                0x62c (size before relaxing)
 .debug_str     0x000007b7       0xea ./system/src/cortexm/_initialize_hardware.o
                                0x69e (size before relaxing)
 .debug_str     0x000008a1       0x45 ./system/src/cortexm/_reset_hardware.o
                                0x664 (size before relaxing)
 .debug_str     0x000008e6      0x11f ./system/src/cortexm/exception_handlers.o
                                0x6f4 (size before relaxing)
 .debug_str     0x00000a05      0x14f ./system/src/cmsis/system_stm32f4xx.o
                                0x783 (size before relaxing)
 .debug_str     0x00000b54       0x59 ./system/src/cmsis/vectors_stm32f401xc.o
                                0x1e6 (size before relaxing)
 .debug_str     0x00000bad       0xa9 ./src/MCAL/UART/UART_cfg.o
                                0x230 (size before relaxing)
 .debug_str     0x00000c56      0x291 ./src/MCAL/UART/UART_prg.o
                                0x493 (size before relaxing)
 .debug_str     0x00000ee7      0x116 ./src/MCAL/SYSTICK/STK_prg.o
                                0x2b3 (size before relaxing)
 .debug_str     0x00000ffd      0x158 ./src/MCAL/RCC/RCC_prg.o
                                0x37c (size before relaxing)
 .debug_str     0x00001155      0x1b3 ./src/MCAL/GPIO/GPIO_prg.o
                                0x340 (size before relaxing)
 .debug_str     0x00001308       0xa2 ./src/MCAL/FMI/FMI_prg.o
                                0x234 (size before relaxing)
 .debug_str     0x000013aa       0xaf ./src/APP/HEXPARSER/HEXPARSER_prg.o
                                0x262 (size before relaxing)
 .debug_str     0x00001459      0x1bb ./src/_initialize_hardware.o
                                0x88f (size before relaxing)
 .debug_str     0x00001614       0x4f ./src/main.o
                                0x3f3 (size before relaxing)

.debug_loc      0x00000000     0x1218
 *(.debug_loc)
 .debug_loc     0x00000000       0x21 ./system/src/newlib/_exit.o
 .debug_loc     0x00000021      0x22d ./system/src/newlib/_startup.o
 .debug_loc     0x0000024e       0x63 ./system/src/newlib/_syscalls.o
 .debug_loc     0x000002b1      0x11c ./system/src/cmsis/system_stm32f4xx.o
 .debug_loc     0x000003cd      0x2b8 ./src/MCAL/UART/UART_prg.o
 .debug_loc     0x00000685      0x1e2 ./src/MCAL/RCC/RCC_prg.o
 .debug_loc     0x00000867      0x731 ./src/MCAL/GPIO/GPIO_prg.o
 .debug_loc     0x00000f98       0xb4 ./src/MCAL/FMI/FMI_prg.o
 .debug_loc     0x0000104c      0x16e ./src/APP/HEXPARSER/HEXPARSER_prg.o
 .debug_loc     0x000011ba       0x5e ./src/main.o

.debug_macinfo
 *(.debug_macinfo)

.debug_weaknames
 *(.debug_weaknames)

.debug_funcnames
 *(.debug_funcnames)

.debug_typenames
 *(.debug_typenames)

.debug_varnames
 *(.debug_varnames)
OUTPUT(Bootloader.elf elf32-littlearm)

.debug_ranges   0x00000000      0x3f0
 .debug_ranges  0x00000000       0x18 ./system/src/newlib/_exit.o
 .debug_ranges  0x00000018       0xd0 ./system/src/newlib/_startup.o
 .debug_ranges  0x000000e8       0x20 ./system/src/newlib/_syscalls.o
 .debug_ranges  0x00000108       0x18 ./system/src/cortexm/_initialize_hardware.o
 .debug_ranges  0x00000120       0x10 ./system/src/cortexm/_reset_hardware.o
 .debug_ranges  0x00000130       0x70 ./system/src/cortexm/exception_handlers.o
 .debug_ranges  0x000001a0       0x18 ./system/src/cmsis/system_stm32f4xx.o
 .debug_ranges  0x000001b8       0x10 ./system/src/cmsis/vectors_stm32f401xc.o
 .debug_ranges  0x000001c8       0xa0 ./src/MCAL/UART/UART_prg.o
 .debug_ranges  0x00000268       0x50 ./src/MCAL/SYSTICK/STK_prg.o
 .debug_ranges  0x000002b8       0x20 ./src/MCAL/RCC/RCC_prg.o
 .debug_ranges  0x000002d8       0x80 ./src/MCAL/GPIO/GPIO_prg.o
 .debug_ranges  0x00000358       0x38 ./src/MCAL/FMI/FMI_prg.o
 .debug_ranges  0x00000390       0x30 ./src/APP/HEXPARSER/HEXPARSER_prg.o
 .debug_ranges  0x000003c0       0x18 ./src/_initialize_hardware.o
 .debug_ranges  0x000003d8       0x18 ./src/main.o
