Archive member included to satisfy reference by file (symbol)

c:/users/dell/downloads/imt_sdk_win_64/imt_sdk_win_64/winarm/armgcc/bin/../lib/gcc/arm-none-eabi/7.2.1/thumb/v7e-m\libgcc.a(_aeabi_uldivmod.o)
                              ./src/MCAL/UART/UART_prg.o (__aeabi_uldivmod)
c:/users/dell/downloads/imt_sdk_win_64/imt_sdk_win_64/winarm/armgcc/bin/../lib/gcc/arm-none-eabi/7.2.1/thumb/v7e-m\libgcc.a(_udivmoddi4.o)
                              c:/users/dell/downloads/imt_sdk_win_64/imt_sdk_win_64/winarm/armgcc/bin/../lib/gcc/arm-none-eabi/7.2.1/thumb/v7e-m\libgcc.a(_aeabi_uldivmod.o) (__udivmoddi4)
c:/users/dell/downloads/imt_sdk_win_64/imt_sdk_win_64/winarm/armgcc/bin/../lib/gcc/arm-none-eabi/7.2.1/thumb/v7e-m\libgcc.a(_dvmd_tls.o)
                              c:/users/dell/downloads/imt_sdk_win_64/imt_sdk_win_64/winarm/armgcc/bin/../lib/gcc/arm-none-eabi/7.2.1/thumb/v7e-m\libgcc.a(_aeabi_uldivmod.o) (__aeabi_ldiv0)
c:/users/dell/downloads/imt_sdk_win_64/imt_sdk_win_64/winarm/armgcc/bin/../lib/gcc/arm-none-eabi/7.2.1/../../../../arm-none-eabi/lib/thumb/v7e-m\libg_nano.a(lib_a-errno.o)
                              ./system/src/newlib/_sbrk.o (__errno)
c:/users/dell/downloads/imt_sdk_win_64/imt_sdk_win_64/winarm/armgcc/bin/../lib/gcc/arm-none-eabi/7.2.1/../../../../arm-none-eabi/lib/thumb/v7e-m\libg_nano.a(lib_a-impure.o)
                              c:/users/dell/downloads/imt_sdk_win_64/imt_sdk_win_64/winarm/armgcc/bin/../lib/gcc/arm-none-eabi/7.2.1/../../../../arm-none-eabi/lib/thumb/v7e-m\libg_nano.a(lib_a-errno.o) (_impure_ptr)
c:/users/dell/downloads/imt_sdk_win_64/imt_sdk_win_64/winarm/armgcc/bin/../lib/gcc/arm-none-eabi/7.2.1/../../../../arm-none-eabi/lib/thumb/v7e-m\libg_nano.a(lib_a-strlen.o)
                              ./system/src/diag/Trace.o (strlen)
c:/users/dell/downloads/imt_sdk_win_64/imt_sdk_win_64/winarm/armgcc/bin/../lib/gcc/arm-none-eabi/7.2.1/../../../../arm-none-eabi/lib/thumb/v7e-m\libg_nano.a(lib_a-vsnprintf.o)
                              ./system/src/diag/Trace.o (vsnprintf)
c:/users/dell/downloads/imt_sdk_win_64/imt_sdk_win_64/winarm/armgcc/bin/../lib/gcc/arm-none-eabi/7.2.1/../../../../arm-none-eabi/lib/thumb/v7e-m\libg_nano.a(lib_a-nano-svfprintf.o)
                              c:/users/dell/downloads/imt_sdk_win_64/imt_sdk_win_64/winarm/armgcc/bin/../lib/gcc/arm-none-eabi/7.2.1/../../../../arm-none-eabi/lib/thumb/v7e-m\libg_nano.a(lib_a-vsnprintf.o) (_svfprintf_r)
c:/users/dell/downloads/imt_sdk_win_64/imt_sdk_win_64/winarm/armgcc/bin/../lib/gcc/arm-none-eabi/7.2.1/../../../../arm-none-eabi/lib/thumb/v7e-m\libg_nano.a(lib_a-nano-vfprintf_i.o)
                              c:/users/dell/downloads/imt_sdk_win_64/imt_sdk_win_64/winarm/armgcc/bin/../lib/gcc/arm-none-eabi/7.2.1/../../../../arm-none-eabi/lib/thumb/v7e-m\libg_nano.a(lib_a-nano-svfprintf.o) (_printf_i)
c:/users/dell/downloads/imt_sdk_win_64/imt_sdk_win_64/winarm/armgcc/bin/../lib/gcc/arm-none-eabi/7.2.1/../../../../arm-none-eabi/lib/thumb/v7e-m\libg_nano.a(lib_a-memchr.o)
                              c:/users/dell/downloads/imt_sdk_win_64/imt_sdk_win_64/winarm/armgcc/bin/../lib/gcc/arm-none-eabi/7.2.1/../../../../arm-none-eabi/lib/thumb/v7e-m\libg_nano.a(lib_a-nano-svfprintf.o) (memchr)
c:/users/dell/downloads/imt_sdk_win_64/imt_sdk_win_64/winarm/armgcc/bin/../lib/gcc/arm-none-eabi/7.2.1/../../../../arm-none-eabi/lib/thumb/v7e-m\libg_nano.a(lib_a-memcpy-stub.o)
                              c:/users/dell/downloads/imt_sdk_win_64/imt_sdk_win_64/winarm/armgcc/bin/../lib/gcc/arm-none-eabi/7.2.1/../../../../arm-none-eabi/lib/thumb/v7e-m\libg_nano.a(lib_a-nano-svfprintf.o) (memcpy)
c:/users/dell/downloads/imt_sdk_win_64/imt_sdk_win_64/winarm/armgcc/bin/../lib/gcc/arm-none-eabi/7.2.1/../../../../arm-none-eabi/lib/thumb/v7e-m\libg_nano.a(lib_a-memmove.o)
                              c:/users/dell/downloads/imt_sdk_win_64/imt_sdk_win_64/winarm/armgcc/bin/../lib/gcc/arm-none-eabi/7.2.1/../../../../arm-none-eabi/lib/thumb/v7e-m\libg_nano.a(lib_a-nano-svfprintf.o) (memmove)
c:/users/dell/downloads/imt_sdk_win_64/imt_sdk_win_64/winarm/armgcc/bin/../lib/gcc/arm-none-eabi/7.2.1/../../../../arm-none-eabi/lib/thumb/v7e-m\libg_nano.a(lib_a-nano-freer.o)
                              c:/users/dell/downloads/imt_sdk_win_64/imt_sdk_win_64/winarm/armgcc/bin/../lib/gcc/arm-none-eabi/7.2.1/../../../../arm-none-eabi/lib/thumb/v7e-m\libg_nano.a(lib_a-nano-svfprintf.o) (_free_r)
c:/users/dell/downloads/imt_sdk_win_64/imt_sdk_win_64/winarm/armgcc/bin/../lib/gcc/arm-none-eabi/7.2.1/../../../../arm-none-eabi/lib/thumb/v7e-m\libg_nano.a(lib_a-nano-mallocr.o)
                              c:/users/dell/downloads/imt_sdk_win_64/imt_sdk_win_64/winarm/armgcc/bin/../lib/gcc/arm-none-eabi/7.2.1/../../../../arm-none-eabi/lib/thumb/v7e-m\libg_nano.a(lib_a-nano-svfprintf.o) (_malloc_r)
[...]
Memory Configuration

Name             Origin             Length             Attributes
RAM              0x20000000         0x00010000         xrw
CCMRAM           0x10000000         0x00000000         xrw
FLASH            0x08000000         0x00004000         xr
FLASHB1          0x00000000         0x00000000         xr
EXTMEMB0         0x00000000         0x00000000         xr
EXTMEMB1         0x00000000         0x00000000         xr
EXTMEMB2         0x00000000         0x00000000         xr
EXTMEMB3         0x00000000         0x00000000         xr
*default*        0x00000000         0xffffffff

Linker script and memory map

LOAD ./system/src/stm32f4-hal/stm32f4xx_hal.o
LOAD ./system/src/stm32f4-hal/stm32f4xx_hal_cortex.o
LOAD ./system/src/stm32f4-hal/stm32f4xx_hal_dfsdm.o
LOAD ./system/src/stm32f4-hal/stm32f4xx_hal_flash.o
LOAD ./system/src/stm32f4-hal/stm32f4xx_hal_gpio.o
LOAD ./system/src/stm32f4-hal/stm32f4xx_hal_iwdg.o
LOAD ./system/src/stm32f4-hal/stm32f4xx_hal_pwr.o
LOAD ./system/src/stm32f4-hal/stm32f4xx_hal_rcc.o
LOAD ./system/src/newlib/_cxx.o
LOAD ./system/src/newlib/_exit.o
LOAD ./system/src/newlib/_sbrk.o
LOAD ./system/src/newlib/_startup.o
LOAD ./system/src/newlib/_syscalls.o
LOAD ./system/src/newlib/assert.o
LOAD ./system/src/diag/Trace.o
LOAD ./system/src/diag/trace_impl.o
LOAD ./system/src/cortexm/_initialize_hardware.o
LOAD ./system/src/cortexm/_reset_hardware.o
LOAD ./system/src/cortexm/exception_handlers.o
LOAD ./system/src/cmsis/system_stm32f4xx.o
LOAD ./system/src/cmsis/vectors_stm32f401xc.o
LOAD ./src/MCAL/UART/UART_cfg.o
LOAD ./src/MCAL/UART/UART_prg.o
LOAD ./src/MCAL/SYSTICK/STK_prg.o
LOAD ./src/MCAL/RCC/RCC_prg.o
LOAD ./src/MCAL/NVIC/NVIC_prg.o
LOAD ./src/MCAL/GPIO/GPIO_prg.o
LOAD ./src/MCAL/FMI/FMI_prg.o
LOAD ./src/APP/HEXPARSER/HEXPARSER_prg.o
LOAD ./src/_initialize_hardware.o
LOAD ./src/main.o
LOAD ./src/stm32f4xx_hal_msp.o
LOAD c:/users/dell/downloads/imt_sdk_win_64/imt_sdk_win_64/winarm/armgcc/bin/../lib/gcc/arm-none-eabi/7.2.1/../../../../arm-none-eabi/lib/thumb/v7e-m\libstdc++_nano.a
LOAD c:/users/dell/downloads/imt_sdk_win_64/imt_sdk_win_64/winarm/armgcc/bin/../lib/gcc/arm-none-eabi/7.2.1/../../../../arm-none-eabi/lib/thumb/v7e-m\libm.a
START GROUP
LOAD c:/users/dell/downloads/imt_sdk_win_64/imt_sdk_win_64/winarm/armgcc/bin/../lib/gcc/arm-none-eabi/7.2.1/thumb/v7e-m\libgcc.a
LOAD c:/users/dell/downloads/imt_sdk_win_64/imt_sdk_win_64/winarm/armgcc/bin/../lib/gcc/arm-none-eabi/7.2.1/../../../../arm-none-eabi/lib/thumb/v7e-m\libg_nano.a
LOAD c:/users/dell/downloads/imt_sdk_win_64/imt_sdk_win_64/winarm/armgcc/bin/../lib/gcc/arm-none-eabi/7.2.1/../../../../arm-none-eabi/lib/thumb/v7e-m\libc_nano.a
END GROUP
START GROUP
LOAD c:/users/dell/downloads/imt_sdk_win_64/imt_sdk_win_64/winarm/armgcc/bin/../lib/gcc/arm-none-eabi/7.2.1/thumb/v7e-m\libgcc.a
LOAD c:/users/dell/downloads/imt_sdk_win_64/imt_sdk_win_64/winarm/armgcc/bin/../lib/gcc/arm-none-eabi/7.2.1/../../../../arm-none-eabi/lib/thumb/v7e-m\libc_nano.a
END GROUP
                0x20010000                __stack = (ORIGIN (RAM) + LENGTH (RAM))
                0x20010000                _estack = __stack
                0x00000400                __Main_Stack_Size = 0x400
                [!provide]                PROVIDE (_Main_Stack_Size, __Main_Stack_Size)
                0x2000fc00                __Main_Stack_Limit = (__stack - __Main_Stack_Size)
                [!provide]                PROVIDE (_Main_Stack_Limit, __Main_Stack_Limit)
                0x00000100                _Minimum_Stack_Size = 0x100
                0x2000013c                PROVIDE (_Heap_Begin, _end_noinit)
                0x2000fc00                PROVIDE (_Heap_Limit, (__stack - __Main_Stack_Size))

.isr_vector     0x08000000      0x3f4
 FILL mask 0xff
                0x08000000                __vectors_start = ABSOLUTE (.)
                0x08000000                __vectors_start__ = ABSOLUTE (.)
 *(.isr_vector)
 .isr_vector    0x08000000      0x194 ./system/src/cmsis/vectors_stm32f401xc.o
                0x08000000                __isr_vectors
 *(.cfmconfig)
 *(.after_vectors .after_vectors.*)
 .after_vectors
                0x08000194      0x130 ./system/src/newlib/_startup.o
                0x08000194                _start
 .after_vectors
                0x080002c4      0x12c ./system/src/cortexm/exception_handlers.o
                0x080002c4                Reset_Handler
                0x080002ca                NMI_Handler
                0x080002ce                HardFault_Handler
                0x080002e2                HardFault_Handler_C
                0x08000340                MemManage_Handler
                0x08000344                BusFault_Handler
                0x08000358                BusFault_Handler_C
                0x0800038c                UsageFault_Handler
                0x080003a0                UsageFault_Handler_C
                0x080003d4                SVC_Handler
                0x080003d8                DebugMon_Handler
                0x080003dc                PendSV_Handler
 .after_vectors
                0x080003f0        0x4 ./system/src/cmsis/vectors_stm32f401xc.o
                0x080003f0                RTC_Alarm_IRQHandler
                0x080003f0                EXTI2_IRQHandler
                0x080003f0                SPI4_IRQHandler
                0x080003f0                TIM1_CC_IRQHandler
                0x080003f0                DMA2_Stream5_IRQHandler
                0x080003f0                DMA1_Stream5_IRQHandler
                0x080003f0                PVD_IRQHandler
                0x080003f0                SDIO_IRQHandler
                0x080003f0                TAMP_STAMP_IRQHandler
                0x080003f0                EXTI3_IRQHandler
                0x080003f0                TIM1_UP_TIM10_IRQHandler
                0x080003f0                I2C3_ER_IRQHandler
                0x080003f0                EXTI0_IRQHandler
                0x080003f0                I2C2_EV_IRQHandler
                0x080003f0                DMA1_Stream2_IRQHandler
                0x080003f0                FPU_IRQHandler
                0x080003f0                DMA2_Stream2_IRQHandler
                0x080003f0                SPI1_IRQHandler
                0x080003f0                TIM1_BRK_TIM9_IRQHandler
                0x080003f0                DMA2_Stream3_IRQHandler
                0x080003f0                DMA2_Stream0_IRQHandler
                0x080003f0                TIM4_IRQHandler
                0x080003f0                I2C1_EV_IRQHandler
                0x080003f0                DMA1_Stream6_IRQHandler
                0x080003f0                DMA1_Stream1_IRQHandler
                0x080003f0                TIM3_IRQHandler
                0x080003f0                RCC_IRQHandler
                0x080003f0                Default_Handler
                0x080003f0                EXTI15_10_IRQHandler
                0x080003f0                ADC_IRQHandler
                0x080003f0                DMA1_Stream7_IRQHandler
                0x080003f0                TIM5_IRQHandler
                0x080003f0                DMA2_Stream7_IRQHandler
                0x080003f0                I2C3_EV_IRQHandler
                0x080003f0                EXTI9_5_IRQHandler
                0x080003f0                RTC_WKUP_IRQHandler
                0x080003f0                SPI2_IRQHandler
                0x080003f0                DMA1_Stream0_IRQHandler
                0x080003f0                EXTI4_IRQHandler
                0x080003f0                WWDG_IRQHandler
                0x080003f0                TIM2_IRQHandler
                0x080003f0                OTG_FS_WKUP_IRQHandler
                0x080003f0                TIM1_TRG_COM_TIM11_IRQHandler
                0x080003f0                EXTI1_IRQHandler
                0x080003f0                I2C2_ER_IRQHandler
                0x080003f0                DMA2_Stream1_IRQHandler
                0x080003f0                FLASH_IRQHandler
                0x080003f0                DMA2_Stream4_IRQHandler
                0x080003f0                OTG_FS_IRQHandler
                0x080003f0                SPI3_IRQHandler
                0x080003f0                DMA1_Stream4_IRQHandler
                0x080003f0                I2C1_ER_IRQHandler
                0x080003f0                DMA2_Stream6_IRQHandler
                0x080003f0                DMA1_Stream3_IRQHandler

.inits          0x080003f4       0x28
                0x080003f4                __data_regions_array_start = .
                0x080003f4        0x4 LONG 0x8001c3c LOADADDR (.data)
                0x080003f8        0x4 LONG 0x20000000 ADDR (.data)
                0x080003fc        0x4 LONG 0x20000088 (ADDR (.data) + SIZEOF (.data))
                0x08000400        0x4 LONG 0x8001c3c LOADADDR (.data_CCMRAM)
                0x08000404        0x4 LONG 0x10000000 ADDR (.data_CCMRAM)
                0x08000408        0x4 LONG 0x10000000 (ADDR (.data_CCMRAM) + SIZEOF (.data_CCMRAM))
                0x0800040c                __data_regions_array_end = .
                0x0800040c                __bss_regions_array_start = .
                0x0800040c        0x4 LONG 0x20000088 ADDR (.bss)
                0x08000410        0x4 LONG 0x2000013c (ADDR (.bss) + SIZEOF (.bss))
                0x08000414        0x4 LONG 0x10000000 ADDR (.bss_CCMRAM)
                0x08000418        0x4 LONG 0x10000000 (ADDR (.bss_CCMRAM) + SIZEOF (.bss_CCMRAM))
                0x0800041c                __bss_regions_array_end = .
 *(.init)
 *(.fini)
                0x0800041c                . = ALIGN (0x4)
                0x0800041c                PROVIDE (__preinit_array_start, .)
 *(.preinit_array_sysinit .preinit_array_sysinit.*)
 *(.preinit_array_platform .preinit_array_platform.*)
 *(.preinit_array .preinit_array.*)
                0x0800041c                PROVIDE (__preinit_array_end, .)
                0x0800041c                . = ALIGN (0x4)
                0x0800041c                PROVIDE (__init_array_start, .)
 *(SORT_BY_NAME(.init_array.*))
 *(.init_array)
                0x0800041c                PROVIDE (__init_array_end, .)
                0x0800041c                . = ALIGN (0x4)
                0x0800041c                PROVIDE (__fini_array_start, .)
 *(SORT_BY_NAME(.fini_array.*))
 *(.fini_array)
                0x0800041c                PROVIDE (__fini_array_end, .)

.flashtext
 *(.flashtext .flashtext.*)

.text           0x08000420     0x1813
 *(.text .text.*)
 .text._exit    0x08000420        0x2 ./system/src/newlib/_exit.o
                0x08000420                _exit
 *fill*         0x08000422        0x2 
 .text._sbrk    0x08000424       0x44 ./system/src/newlib/_sbrk.o
                0x08000424                _sbrk
 .text.__initialize_args
                0x08000468       0x10 ./system/src/newlib/_syscalls.o
                0x08000468                __initialize_args
 .text.trace_printf
                0x08000478       0x30 ./system/src/diag/Trace.o
                0x08000478                trace_printf
 .text._trace_write_semihosting_debug
                0x080004a8       0x60 ./system/src/diag/trace_impl.o
 .text.trace_write
                0x08000508        0x8 ./system/src/diag/trace_impl.o
                0x08000508                trace_write
 .text.__initialize_hardware_early
                0x08000510       0x18 ./system/src/cortexm/_initialize_hardware.o
                0x08000510                __initialize_hardware_early
 .text.dumpExceptionStack
                0x08000528       0xf4 ./system/src/cortexm/exception_handlers.o
                0x08000528                dumpExceptionStack
 .text.isSemihosting
                0x0800061c       0x20 ./system/src/cortexm/exception_handlers.o
                0x0800061c                isSemihosting
 .text.SystemInit
                0x0800063c       0x40 ./system/src/cmsis/system_stm32f4xx.o
                0x0800063c                SystemInit
 *fill*         0x0800067c        0x4 
 .text.MUSART_vInit
                0x08000680       0xec ./src/MCAL/UART/UART_prg.o
                0x08000680                MUSART_vInit
 .text.MUSART_vEnable
                0x0800076c        0xa ./src/MCAL/UART/UART_prg.o
                0x0800076c                MUSART_vEnable
 .text.MUSART_vTransmitByteSynch
                0x08000776       0x1c ./src/MCAL/UART/UART_prg.o
                0x08000776                MUSART_vTransmitByteSynch
 .text.MUSART_u8ReceiveByteAsynch_
                0x08000792       0x14 ./src/MCAL/UART/UART_prg.o
                0x08000792                MUSART_u8ReceiveByteAsynch_
 *fill*         0x080007a6        0x2 
 .text.USART1_IRQHandler
                0x080007a8       0x1c ./src/MCAL/UART/UART_prg.o
                0x080007a8                USART1_IRQHandler
 .text.USART2_IRQHandler
                0x080007c4       0x1c ./src/MCAL/UART/UART_prg.o
                0x080007c4                USART2_IRQHandler
 .text.USART6_IRQHandler
                0x080007e0       0x1c ./src/MCAL/UART/UART_prg.o
                0x080007e0                USART6_IRQHandler
 .text.MSTK_vInit
                0x080007fc       0x18 ./src/MCAL/SYSTICK/STK_prg.o
                0x080007fc                MSTK_vInit
 .text.MSTK_vStopTimer
                0x08000814       0x14 ./src/MCAL/SYSTICK/STK_prg.o
                0x08000814                MSTK_vStopTimer
 .text.MSTK_vStartTimer
                0x08000828       0x10 ./src/MCAL/SYSTICK/STK_prg.o
                0x08000828                MSTK_vStartTimer
 .text.MSTK_vSetInterval_Single
                0x08000838       0x24 ./src/MCAL/SYSTICK/STK_prg.o
                0x08000838                MSTK_vSetInterval_Single
 .text.SysTick_Handler
                0x0800085c       0x30 ./src/MCAL/SYSTICK/STK_prg.o
                0x0800085c                SysTick_Handler
 .text.MRCC_vInit
                0x0800088c       0x74 ./src/MCAL/RCC/RCC_prg.o
                0x0800088c                MRCC_vInit
 .text.MRCC_vEnableClock
                0x08000900       0x98 ./src/MCAL/RCC/RCC_prg.o
                0x08000900                MRCC_vEnableClock
 .text.MGPIO_vSetPinMode
                0x08000998       0x7c ./src/MCAL/GPIO/GPIO_prg.o
                0x08000998                MGPIO_vSetPinMode
 .text.MGPIO_vSetPinOutputType
                0x08000a14       0x94 ./src/MCAL/GPIO/GPIO_prg.o
                0x08000a14                MGPIO_vSetPinOutputType
 .text.MGPIO_vSetPinOutputSpeed
                0x08000aa8       0x7c ./src/MCAL/GPIO/GPIO_prg.o
                0x08000aa8                MGPIO_vSetPinOutputSpeed
 .text.MGPIO_vSetAlternativeFunction
                0x08000b24       0xa0 ./src/MCAL/GPIO/GPIO_prg.o
                0x08000b24                MGPIO_vSetAlternativeFunction
 .text.MFMI_vSectorErase
                0x08000bc4       0x68 ./src/MCAL/FMI/FMI_prg.o
                0x08000bc4                MFMI_vSectorErase
 .text.MFMI_vEraseAppArea
                0x08000c2c       0x16 ./src/MCAL/FMI/FMI_prg.o
                0x08000c2c                MFMI_vEraseAppArea
 *fill*         0x08000c42        0x2 
 .text.MFMI_vFlashWrite
                0x08000c44       0x78 ./src/MCAL/FMI/FMI_prg.o
                0x08000c44                MFMI_vFlashWrite
 .text.HEXPARSER_u8AsciiToHex
                0x08000cbc       0x22 ./src/APP/HEXPARSER/HEXPARSER_prg.o
 .text.HEXPARSER_vParseData
                0x08000cde       0xb8 ./src/APP/HEXPARSER/HEXPARSER_prg.o
                0x08000cde                HEXPARSER_vParseData
 .text.__initialize_hardware
                0x08000d96        0x2 ./src/_initialize_hardware.o
                0x08000d96                __initialize_hardware
 .text.APP_vTest
                0x08000d98       0x30 ./src/main.o
                0x08000d98                APP_vTest
 .text.main     0x08000dc8       0xfc ./src/main.o
                0x08000dc8                main
 .text          0x08000ec4       0x30 c:/users/dell/downloads/imt_sdk_win_64/imt_sdk_win_64/winarm/armgcc/bin/../lib/gcc/arm-none-eabi/7.2.1/thumb/v7e-m\libgcc.a(_aeabi_uldivmod.o)
                0x08000ec4                __aeabi_uldivmod
 .text          0x08000ef4      0x2cc c:/users/dell/downloads/imt_sdk_win_64/imt_sdk_win_64/winarm/armgcc/bin/../lib/gcc/arm-none-eabi/7.2.1/thumb/v7e-m\libgcc.a(_udivmoddi4.o)
                0x08000ef4                __udivmoddi4
 .text          0x080011c0        0x4 c:/users/dell/downloads/imt_sdk_win_64/imt_sdk_win_64/winarm/armgcc/bin/../lib/gcc/arm-none-eabi/7.2.1/thumb/v7e-m\libgcc.a(_dvmd_tls.o)
                0x080011c0                __aeabi_idiv0
                0x080011c0                __aeabi_ldiv0
 .text.__errno  0x080011c4        0xc c:/users/dell/downloads/imt_sdk_win_64/imt_sdk_win_64/winarm/armgcc/bin/../lib/gcc/arm-none-eabi/7.2.1/../../../../arm-none-eabi/lib/thumb/v7e-m\libg_nano.a(lib_a-errno.o)
                0x080011c4                __errno
 .text._vsnprintf_r
                0x080011d0       0x58 c:/users/dell/downloads/imt_sdk_win_64/imt_sdk_win_64/winarm/armgcc/bin/../lib/gcc/arm-none-eabi/7.2.1/../../../../arm-none-eabi/lib/thumb/v7e-m\libg_nano.a(lib_a-vsnprintf.o)
                0x080011d0                _vsniprintf_r
                0x080011d0                _vsnprintf_r
 .text.vsnprintf
                0x08001228       0x1c c:/users/dell/downloads/imt_sdk_win_64/imt_sdk_win_64/winarm/armgcc/bin/../lib/gcc/arm-none-eabi/7.2.1/../../../../arm-none-eabi/lib/thumb/v7e-m\libg_nano.a(lib_a-vsnprintf.o)
                0x08001228                vsniprintf
                0x08001228                vsnprintf
 .text.__ssputs_r
                0x08001244       0xb4 c:/users/dell/downloads/imt_sdk_win_64/imt_sdk_win_64/winarm/armgcc/bin/../lib/gcc/arm-none-eabi/7.2.1/../../../../arm-none-eabi/lib/thumb/v7e-m\libg_nano.a(lib_a-nano-svfprintf.o)
                0x08001244                __ssputs_r
 .text._svfprintf_r
                0x080012f8      0x1ec c:/users/dell/downloads/imt_sdk_win_64/imt_sdk_win_64/winarm/armgcc/bin/../lib/gcc/arm-none-eabi/7.2.1/../../../../arm-none-eabi/lib/thumb/v7e-m\libg_nano.a(lib_a-nano-svfprintf.o)
                0x080012f8                _svfiprintf_r
                0x080012f8                _svfprintf_r
 .text._printf_common
                0x080014e4       0xea c:/users/dell/downloads/imt_sdk_win_64/imt_sdk_win_64/winarm/armgcc/bin/../lib/gcc/arm-none-eabi/7.2.1/../../../../arm-none-eabi/lib/thumb/v7e-m\libg_nano.a(lib_a-nano-vfprintf_i.o)
                0x080014e4                _printf_common
 *fill*         0x080015ce        0x2 
 .text._printf_i
                0x080015d0      0x224 c:/users/dell/downloads/imt_sdk_win_64/imt_sdk_win_64/winarm/armgcc/bin/../lib/gcc/arm-none-eabi/7.2.1/../../../../arm-none-eabi/lib/thumb/v7e-m\libg_nano.a(lib_a-nano-vfprintf_i.o)
                0x080015d0                _printf_i
 *fill*         0x080017f4        0xc 
 .text          0x08001800       0xa0 c:/users/dell/downloads/imt_sdk_win_64/imt_sdk_win_64/winarm/armgcc/bin/../lib/gcc/arm-none-eabi/7.2.1/../../../../arm-none-eabi/lib/thumb/v7e-m\libg_nano.a(lib_a-memchr.o)
                0x08001800                memchr
 .text.memcpy   0x080018a0       0x16 c:/users/dell/downloads/imt_sdk_win_64/imt_sdk_win_64/winarm/armgcc/bin/../lib/gcc/arm-none-eabi/7.2.1/../../../../arm-none-eabi/lib/thumb/v7e-m\libg_nano.a(lib_a-memcpy-stub.o)
                0x080018a0                memcpy
 .text.memmove  0x080018b6       0x32 c:/users/dell/downloads/imt_sdk_win_64/imt_sdk_win_64/winarm/armgcc/bin/../lib/gcc/arm-none-eabi/7.2.1/../../../../arm-none-eabi/lib/thumb/v7e-m\libg_nano.a(lib_a-memmove.o)
                0x080018b6                memmove
 .text._free_r  0x080018e8       0x9c c:/users/dell/downloads/imt_sdk_win_64/imt_sdk_win_64/winarm/armgcc/bin/../lib/gcc/arm-none-eabi/7.2.1/../../../../arm-none-eabi/lib/thumb/v7e-m\libg_nano.a(lib_a-nano-freer.o)
                0x080018e8                _free_r
 .text._malloc_r
                0x08001984       0xb4 c:/users/dell/downloads/imt_sdk_win_64/imt_sdk_win_64/winarm/armgcc/bin/../lib/gcc/arm-none-eabi/7.2.1/../../../../arm-none-eabi/lib/thumb/v7e-m\libg_nano.a(lib_a-nano-mallocr.o)
                0x08001984                _malloc_r
 .text._realloc_r
                0x08001a38       0x4c c:/users/dell/downloads/imt_sdk_win_64/imt_sdk_win_64/winarm/armgcc/bin/../lib/gcc/arm-none-eabi/7.2.1/../../../../arm-none-eabi/lib/thumb/v7e-m\libg_nano.a(lib_a-nano-reallocr.o)
                0x08001a38                _realloc_r
 .text._sbrk_r  0x08001a84       0x20 c:/users/dell/downloads/imt_sdk_win_64/imt_sdk_win_64/winarm/armgcc/bin/../lib/gcc/arm-none-eabi/7.2.1/../../../../arm-none-eabi/lib/thumb/v7e-m\libg_nano.a(lib_a-sbrkr.o)
                0x08001a84                _sbrk_r
 .text.__malloc_lock
                0x08001aa4        0x2 c:/users/dell/downloads/imt_sdk_win_64/imt_sdk_win_64/winarm/armgcc/bin/../lib/gcc/arm-none-eabi/7.2.1/../../../../arm-none-eabi/lib/thumb/v7e-m\libg_nano.a(lib_a-mlock.o)
                0x08001aa4                __malloc_lock
 .text.__malloc_unlock
                0x08001aa6        0x2 c:/users/dell/downloads/imt_sdk_win_64/imt_sdk_win_64/winarm/armgcc/bin/../lib/gcc/arm-none-eabi/7.2.1/../../../../arm-none-eabi/lib/thumb/v7e-m\libg_nano.a(lib_a-mlock.o)
                0x08001aa6                __malloc_unlock
 .text._malloc_usable_size_r
                0x08001aa8       0x10 c:/users/dell/downloads/imt_sdk_win_64/imt_sdk_win_64/winarm/armgcc/bin/../lib/gcc/arm-none-eabi/7.2.1/../../../../arm-none-eabi/lib/thumb/v7e-m\libg_nano.a(lib_a-nano-msizer.o)
                0x08001aa8                _malloc_usable_size_r
 *(.rodata .rodata.* .constdata .constdata.*)
 .rodata.dumpExceptionStack.str1.4
                0x08001ab8      0x11a ./system/src/cortexm/exception_handlers.o
 *fill*         0x08001bd2        0x2 
 .rodata.str1.4
                0x08001bd4       0x2c ./system/src/cortexm/exception_handlers.o
                                 0x2a (size before relaxing)
 .rodata._svfprintf_r.str1.1
                0x08001c00       0x11 c:/users/dell/downloads/imt_sdk_win_64/imt_sdk_win_64/winarm/armgcc/bin/../lib/gcc/arm-none-eabi/7.2.1/../../../../arm-none-eabi/lib/thumb/v7e-m\libg_nano.a(lib_a-nano-svfprintf.o)
 .rodata._printf_i.str1.1
                0x08001c11       0x22 c:/users/dell/downloads/imt_sdk_win_64/imt_sdk_win_64/winarm/armgcc/bin/../lib/gcc/arm-none-eabi/7.2.1/../../../../arm-none-eabi/lib/thumb/v7e-m\libg_nano.a(lib_a-nano-vfprintf_i.o)
 *(vtable)
 *(.eh_frame*)
 *(.glue_7)
 .glue_7        0x08001c33        0x0 linker stubs
 *(.glue_7t)
 .glue_7t       0x08001c33        0x0 linker stubs

.vfp11_veneer   0x08001c34        0x0
 .vfp11_veneer  0x08001c34        0x0 linker stubs

.v4_bx          0x08001c34        0x0
 .v4_bx         0x08001c34        0x0 linker stubs

.iplt           0x08001c34        0x0
 .iplt          0x08001c34        0x0 ./system/src/newlib/_exit.o

.ARM.extab
 *(.ARM.extab* .gnu.linkonce.armextab.*)
                0x08001c34                . = ALIGN (0x4)
                0x08001c34                __exidx_start = .

.ARM.exidx      0x08001c34        0x8
 *(.ARM.exidx* .gnu.linkonce.armexidx.*)
 .ARM.exidx     0x08001c34        0x8 c:/users/dell/downloads/imt_sdk_win_64/imt_sdk_win_64/winarm/armgcc/bin/../lib/gcc/arm-none-eabi/7.2.1/thumb/v7e-m\libgcc.a(_udivmoddi4.o)
                0x08001c3c                __exidx_end = .

.rel.dyn        0x08001c3c        0x0
 .rel.iplt      0x08001c3c        0x0 ./system/src/newlib/_exit.o
                0x08001c3c                . = ALIGN (0x4)
                0x08001c3c                _etext = .
                0x08001c3c                __etext = .

.data_CCMRAM    0x10000000        0x0 load address 0x08001c3c
 FILL mask 0xff
 *(.data.CCMRAM .data.CCMRAM.*)
                0x10000000                . = ALIGN (0x4)
                0x08001c3c                _sidata = LOADADDR (.data)

.data           0x20000000       0x88 load address 0x08001c3c
 FILL mask 0xff
                0x20000000                _sdata = .
                0x20000000                __data_start__ = .
 *(.data_begin .data_begin.*)
 .data_begin    0x20000000        0x4 ./system/src/newlib/_startup.o
 *(.data .data.*)
 .data.argv.4310
                0x20000004        0x8 ./system/src/newlib/_syscalls.o
 .data.uart2_cfg
                0x2000000c       0x10 ./src/MCAL/UART/UART_cfg.o
                0x2000000c                uart2_cfg
 .data.Flag     0x2000001c        0x1 ./src/main.o
                0x2000001c                Flag
 *fill*         0x2000001d        0x3 ff
 .data._impure_ptr
                0x20000020        0x4 c:/users/dell/downloads/imt_sdk_win_64/imt_sdk_win_64/winarm/armgcc/bin/../lib/gcc/arm-none-eabi/7.2.1/../../../../arm-none-eabi/lib/thumb/v7e-m\libg_nano.a(lib_a-impure.o)
                0x20000020                _impure_ptr
 .data.impure_data
                0x20000024       0x60 c:/users/dell/downloads/imt_sdk_win_64/imt_sdk_win_64/winarm/armgcc/bin/../lib/gcc/arm-none-eabi/7.2.1/../../../../arm-none-eabi/lib/thumb/v7e-m\libg_nano.a(lib_a-impure.o)
 *(.data_end .data_end.*)
 .data_end      0x20000084        0x4 ./system/src/newlib/_startup.o
                0x20000088                . = ALIGN (0x4)
                0x20000088                _edata = .
                0x20000088                __data_end__ = .

.igot.plt       0x20000088        0x0 load address 0x08001cc4
 .igot.plt      0x20000088        0x0 ./system/src/newlib/_exit.o

.bss_CCMRAM     0x10000000        0x0
 *(.bss.CCMRAM .bss.CCMRAM.*)

.bss            0x20000088       0xb4
                0x20000088                __bss_start__ = .
                0x20000088                _sbss = .
 *(.bss_begin .bss_begin.*)
 .bss_begin     0x20000088        0x4 ./system/src/newlib/_startup.o
 *(.bss .bss.*)
 .bss.current_heap_end.3961
                0x2000008c        0x4 ./system/src/newlib/_sbrk.o
 .bss.name.4309
                0x20000090        0x1 ./system/src/newlib/_syscalls.o
 *fill*         0x20000091        0x3 
 .bss.buf.5205  0x20000094       0x80 ./system/src/diag/Trace.o
 .bss.G_vCallBack
                0x20000114        0x4 ./src/MCAL/SYSTICK/STK_prg.o
                0x20000114                G_vCallBack
 .bss.APP       0x20000118        0x4 ./src/main.o
                0x20000118                APP
 .bss.__malloc_free_list
                0x2000011c        0x4 c:/users/dell/downloads/imt_sdk_win_64/imt_sdk_win_64/winarm/armgcc/bin/../lib/gcc/arm-none-eabi/7.2.1/../../../../arm-none-eabi/lib/thumb/v7e-m\libg_nano.a(lib_a-nano-mallocr.o)
                0x2000011c                __malloc_free_list
 .bss.__malloc_sbrk_start
                0x20000120        0x4 c:/users/dell/downloads/imt_sdk_win_64/imt_sdk_win_64/winarm/armgcc/bin/../lib/gcc/arm-none-eabi/7.2.1/../../../../arm-none-eabi/lib/thumb/v7e-m\libg_nano.a(lib_a-nano-mallocr.o)
                0x20000120                __malloc_sbrk_start
 *(COMMON)
 COMMON         0x20000124        0x4 ./system/src/newlib/_syscalls.o
                0x20000124                errno
 COMMON         0x20000128        0xc ./src/MCAL/UART/UART_prg.o
                0x20000128                MUSART2_CallBack
                0x2000012c                MUSART6_CallBack
                0x20000130                MUSART1_CallBack
 COMMON         0x20000134        0x1 ./src/MCAL/SYSTICK/STK_prg.o
                0x20000134                G_u8Flag
 *(.bss_end .bss_end.*)
 *fill*         0x20000135        0x3 
 .bss_end       0x20000138        0x4 ./system/src/newlib/_startup.o
                0x2000013c                . = ALIGN (0x4)
                0x2000013c                __bss_end__ = .
                0x2000013c                _ebss = .

.noinit_CCMRAM
 *(.noinit.CCMRAM .noinit.CCMRAM.*)

.noinit         0x2000013c        0x0
                0x2000013c                _noinit = .
 *(.noinit .noinit.*)
                0x2000013c                . = ALIGN (0x4)
                0x2000013c                _end_noinit = .
                [!provide]                PROVIDE (end, _end_noinit)
                [!provide]                PROVIDE (_end, _end_noinit)
                [!provide]                PROVIDE (__end, _end_noinit)
                [!provide]                PROVIDE (__end__, _end_noinit)

._check_stack   0x2000013c      0x100
                0x2000023c                . = (. + _Minimum_Stack_Size)
 *fill*         0x2000013c      0x100 

.b1text
 *(.b1text)
 *(.b1rodata)
 *(.b1rodata.*)

.eb0text
 *(.eb0text)
 *(.eb0rodata)
 *(.eb0rodata.*)

.eb1text
 *(.eb1text)
 *(.eb1rodata)
 *(.eb1rodata.*)

.eb2text
 *(.eb2text)
 *(.eb2rodata)
 *(.eb2rodata.*)

.eb3text
 *(.eb3text)
 *(.eb3rodata)
 *(.eb3rodata.*)

.stab
 *(.stab)

.stabstr
 *(.stabstr)

.stab.excl
 *(.stab.excl)

.stab.exclstr
 *(.stab.exclstr)

.stab.index
 *(.stab.index)

.stab.indexstr
 *(.stab.indexstr)

.comment        0x00000000       0x7e
 *(.comment)
 .comment       0x00000000       0x7e ./system/src/newlib/_exit.o
                                 0x7f (size before relaxing)
 .comment       0x0000007e       0x7f ./system/src/newlib/_sbrk.o
 .comment       0x0000007e       0x7f ./system/src/newlib/_startup.o
 .comment       0x0000007e       0x7f ./system/src/newlib/_syscalls.o
 .comment       0x0000007e       0x7f ./system/src/diag/Trace.o
 .comment       0x0000007e       0x7f ./system/src/diag/trace_impl.o
 .comment       0x0000007e       0x7f ./system/src/cortexm/_initialize_hardware.o
 .comment       0x0000007e       0x7f ./system/src/cortexm/exception_handlers.o
 .comment       0x0000007e       0x7f ./system/src/cmsis/system_stm32f4xx.o
 .comment       0x0000007e       0x7f ./system/src/cmsis/vectors_stm32f401xc.o
 .comment       0x0000007e       0x7f ./src/MCAL/UART/UART_cfg.o
 .comment       0x0000007e       0x7f ./src/MCAL/UART/UART_prg.o
 .comment       0x0000007e       0x7f ./src/MCAL/SYSTICK/STK_prg.o
 .comment       0x0000007e       0x7f ./src/MCAL/RCC/RCC_prg.o
 .comment       0x0000007e       0x7f ./src/MCAL/GPIO/GPIO_prg.o
 .comment       0x0000007e       0x7f ./src/MCAL/FMI/FMI_prg.o
 .comment       0x0000007e       0x7f ./src/APP/HEXPARSER/HEXPARSER_prg.o
 .comment       0x0000007e       0x7f ./src/_initialize_hardware.o
 .comment       0x0000007e       0x7f ./src/main.o

.ARM.attributes
                0x00000000       0x31
 .ARM.attributes
                0x00000000       0x33 ./system/src/newlib/_exit.o
 .ARM.attributes
                0x00000033       0x33 ./system/src/newlib/_sbrk.o
 .ARM.attributes
                0x00000066       0x33 ./system/src/newlib/_startup.o
 .ARM.attributes
                0x00000099       0x33 ./system/src/newlib/_syscalls.o
 .ARM.attributes
                0x000000cc       0x33 ./system/src/diag/Trace.o
 .ARM.attributes
                0x000000ff       0x33 ./system/src/diag/trace_impl.o
 .ARM.attributes
                0x00000132       0x33 ./system/src/cortexm/_initialize_hardware.o
 .ARM.attributes
                0x00000165       0x33 ./system/src/cortexm/exception_handlers.o
 .ARM.attributes
                0x00000198       0x33 ./system/src/cmsis/system_stm32f4xx.o
 .ARM.attributes
                0x000001cb       0x33 ./system/src/cmsis/vectors_stm32f401xc.o
 .ARM.attributes
                0x000001fe       0x33 ./src/MCAL/UART/UART_cfg.o
 .ARM.attributes
                0x00000231       0x33 ./src/MCAL/UART/UART_prg.o
 .ARM.attributes
                0x00000264       0x33 ./src/MCAL/SYSTICK/STK_prg.o
 .ARM.attributes
                0x00000297       0x33 ./src/MCAL/RCC/RCC_prg.o
 .ARM.attributes
                0x000002ca       0x33 ./src/MCAL/GPIO/GPIO_prg.o
 .ARM.attributes
                0x000002fd       0x33 ./src/MCAL/FMI/FMI_prg.o
 .ARM.attributes
                0x00000330       0x33 ./src/APP/HEXPARSER/HEXPARSER_prg.o
 .ARM.attributes
                0x00000363       0x33 ./src/_initialize_hardware.o
 .ARM.attributes
                0x00000396       0x33 ./src/main.o
 .ARM.attributes
                0x000003c9       0x1e c:/users/dell/downloads/imt_sdk_win_64/imt_sdk_win_64/winarm/armgcc/bin/../lib/gcc/arm-none-eabi/7.2.1/thumb/v7e-m\libgcc.a(_aeabi_uldivmod.o)
 .ARM.attributes
                0x000003e7       0x2e c:/users/dell/downloads/imt_sdk_win_64/imt_sdk_win_64/winarm/armgcc/bin/../lib/gcc/arm-none-eabi/7.2.1/thumb/v7e-m\libgcc.a(_udivmoddi4.o)
 .ARM.attributes
                0x00000415       0x1e c:/users/dell/downloads/imt_sdk_win_64/imt_sdk_win_64/winarm/armgcc/bin/../lib/gcc/arm-none-eabi/7.2.1/thumb/v7e-m\libgcc.a(_dvmd_tls.o)
 .ARM.attributes
                0x00000433       0x2e c:/users/dell/downloads/imt_sdk_win_64/imt_sdk_win_64/winarm/armgcc/bin/../lib/gcc/arm-none-eabi/7.2.1/../../../../arm-none-eabi/lib/thumb/v7e-m\libg_nano.a(lib_a-errno.o)
 .ARM.attributes
                0x00000461       0x2e c:/users/dell/downloads/imt_sdk_win_64/imt_sdk_win_64/winarm/armgcc/bin/../lib/gcc/arm-none-eabi/7.2.1/../../../../arm-none-eabi/lib/thumb/v7e-m\libg_nano.a(lib_a-impure.o)
 .ARM.attributes
                0x0000048f       0x2e c:/users/dell/downloads/imt_sdk_win_64/imt_sdk_win_64/winarm/armgcc/bin/../lib/gcc/arm-none-eabi/7.2.1/../../../../arm-none-eabi/lib/thumb/v7e-m\libg_nano.a(lib_a-vsnprintf.o)
 .ARM.attributes
                0x000004bd       0x2e c:/users/dell/downloads/imt_sdk_win_64/imt_sdk_win_64/winarm/armgcc/bin/../lib/gcc/arm-none-eabi/7.2.1/../../../../arm-none-eabi/lib/thumb/v7e-m\libg_nano.a(lib_a-nano-svfprintf.o)
 .ARM.attributes
                0x000004eb       0x2e c:/users/dell/downloads/imt_sdk_win_64/imt_sdk_win_64/winarm/armgcc/bin/../lib/gcc/arm-none-eabi/7.2.1/../../../../arm-none-eabi/lib/thumb/v7e-m\libg_nano.a(lib_a-nano-vfprintf_i.o)
 .ARM.attributes
                0x00000519       0x1c c:/users/dell/downloads/imt_sdk_win_64/imt_sdk_win_64/winarm/armgcc/bin/../lib/gcc/arm-none-eabi/7.2.1/../../../../arm-none-eabi/lib/thumb/v7e-m\libg_nano.a(lib_a-memchr.o)
 .ARM.attributes
                0x00000535       0x2e c:/users/dell/downloads/imt_sdk_win_64/imt_sdk_win_64/winarm/armgcc/bin/../lib/gcc/arm-none-eabi/7.2.1/../../../../arm-none-eabi/lib/thumb/v7e-m\libg_nano.a(lib_a-memcpy-stub.o)
 .ARM.attributes
                0x00000563       0x2e c:/users/dell/downloads/imt_sdk_win_64/imt_sdk_win_64/winarm/armgcc/bin/../lib/gcc/arm-none-eabi/7.2.1/../../../../arm-none-eabi/lib/thumb/v7e-m\libg_nano.a(lib_a-memmove.o)
 .ARM.attributes
                0x00000591       0x2e c:/users/dell/downloads/imt_sdk_win_64/imt_sdk_win_64/winarm/armgcc/bin/../lib/gcc/arm-none-eabi/7.2.1/../../../../arm-none-eabi/lib/thumb/v7e-m\libg_nano.a(lib_a-nano-freer.o)
 .ARM.attributes
                0x000005bf       0x2e c:/users/dell/downloads/imt_sdk_win_64/imt_sdk_win_64/winarm/armgcc/bin/../lib/gcc/arm-none-eabi/7.2.1/../../../../arm-none-eabi/lib/thumb/v7e-m\libg_nano.a(lib_a-nano-mallocr.o)
 .ARM.attributes
                0x000005ed       0x2e c:/users/dell/downloads/imt_sdk_win_64/imt_sdk_win_64/winarm/armgcc/bin/../lib/gcc/arm-none-eabi/7.2.1/../../../../arm-none-eabi/lib/thumb/v7e-m\libg_nano.a(lib_a-nano-reallocr.o)
 .ARM.attributes
                0x0000061b       0x2e c:/users/dell/downloads/imt_sdk_win_64/imt_sdk_win_64/winarm/armgcc/bin/../lib/gcc/arm-none-eabi/7.2.1/../../../../arm-none-eabi/lib/thumb/v7e-m\libg_nano.a(lib_a-sbrkr.o)
 .ARM.attributes
                0x00000649       0x2e c:/users/dell/downloads/imt_sdk_win_64/imt_sdk_win_64/winarm/armgcc/bin/../lib/gcc/arm-none-eabi/7.2.1/../../../../arm-none-eabi/lib/thumb/v7e-m\libg_nano.a(lib_a-mlock.o)
 .ARM.attributes
                0x00000677       0x2e c:/users/dell/downloads/imt_sdk_win_64/imt_sdk_win_64/winarm/armgcc/bin/../lib/gcc/arm-none-eabi/7.2.1/../../../../arm-none-eabi/lib/thumb/v7e-m\libg_nano.a(lib_a-nano-msizer.o)

.debug
 *(.debug)

.line
 *(.line)

.debug_srcinfo
 *(.debug_srcinfo)

.debug_sfnames
 *(.debug_sfnames)

.debug_aranges  0x00000000      0x480
 *(.debug_aranges)
 .debug_aranges
                0x00000000       0x28 ./system/src/newlib/_exit.o
 .debug_aranges
                0x00000028       0x20 ./system/src/newlib/_sbrk.o
 .debug_aranges
                0x00000048       0x40 ./system/src/newlib/_startup.o
 .debug_aranges
                0x00000088       0x30 ./system/src/newlib/_syscalls.o
 .debug_aranges
                0x000000b8       0x38 ./system/src/diag/Trace.o
 .debug_aranges
                0x000000f0       0x30 ./system/src/diag/trace_impl.o
 .debug_aranges
                0x00000120       0x28 ./system/src/cortexm/_initialize_hardware.o
 .debug_aranges
                0x00000148       0x90 ./system/src/cortexm/exception_handlers.o
 .debug_aranges
                0x000001d8       0x28 ./system/src/cmsis/system_stm32f4xx.o
 .debug_aranges
                0x00000200       0x20 ./system/src/cmsis/vectors_stm32f401xc.o
 .debug_aranges
                0x00000220       0x18 ./src/MCAL/UART/UART_cfg.o
 .debug_aranges
                0x00000238       0xb0 ./src/MCAL/UART/UART_prg.o
 .debug_aranges
                0x000002e8       0x60 ./src/MCAL/SYSTICK/STK_prg.o
 .debug_aranges
                0x00000348       0x30 ./src/MCAL/RCC/RCC_prg.o
 .debug_aranges
                0x00000378       0x60 ./src/MCAL/GPIO/GPIO_prg.o
 .debug_aranges
                0x000003d8       0x30 ./src/MCAL/FMI/FMI_prg.o
 .debug_aranges
                0x00000408       0x28 ./src/APP/HEXPARSER/HEXPARSER_prg.o
 .debug_aranges
                0x00000430       0x28 ./src/_initialize_hardware.o
 .debug_aranges
                0x00000458       0x28 ./src/main.o

.debug_pubnames
 *(.debug_pubnames)

.debug_info     0x00000000     0x8742
 *(.debug_info .gnu.linkonce.wi.*)
 .debug_info    0x00000000      0x956 ./system/src/newlib/_exit.o
 .debug_info    0x00000956      0x942 ./system/src/newlib/_sbrk.o
 .debug_info    0x00001298      0x4bf ./system/src/newlib/_startup.o
 .debug_info    0x00001757      0xa19 ./system/src/newlib/_syscalls.o
 .debug_info    0x00002170      0xb2a ./system/src/diag/Trace.o
 .debug_info    0x00002c9a      0xb6b ./system/src/diag/trace_impl.o
 .debug_info    0x00003805      0xade ./system/src/cortexm/_initialize_hardware.o
 .debug_info    0x000042e3     0x115a ./system/src/cortexm/exception_handlers.o
 .debug_info    0x0000543d      0xcfe ./system/src/cmsis/system_stm32f4xx.o
 .debug_info    0x0000613b       0xca ./system/src/cmsis/vectors_stm32f401xc.o
 .debug_info    0x00006205      0x119 ./src/MCAL/UART/UART_cfg.o
 .debug_info    0x0000631e      0x533 ./src/MCAL/UART/UART_prg.o
 .debug_info    0x00006851      0x22f ./src/MCAL/SYSTICK/STK_prg.o
 .debug_info    0x00006a80      0x316 ./src/MCAL/RCC/RCC_prg.o
 .debug_info    0x00006d96      0x3df ./src/MCAL/GPIO/GPIO_prg.o
 .debug_info    0x00007175      0x1ab ./src/MCAL/FMI/FMI_prg.o
 .debug_info    0x00007320      0x23c ./src/APP/HEXPARSER/HEXPARSER_prg.o
 .debug_info    0x0000755c      0xcfe ./src/_initialize_hardware.o
 .debug_info    0x0000825a      0x4e8 ./src/main.o

.debug_abbrev   0x00000000     0x1f63
 *(.debug_abbrev)
 .debug_abbrev  0x00000000      0x1f3 ./system/src/newlib/_exit.o
 .debug_abbrev  0x000001f3      0x1fc ./system/src/newlib/_sbrk.o
 .debug_abbrev  0x000003ef      0x1cb ./system/src/newlib/_startup.o
 .debug_abbrev  0x000005ba      0x234 ./system/src/newlib/_syscalls.o
 .debug_abbrev  0x000007ee      0x276 ./system/src/diag/Trace.o
 .debug_abbrev  0x00000a64      0x2ef ./system/src/diag/trace_impl.o
 .debug_abbrev  0x00000d53      0x1de ./system/src/cortexm/_initialize_hardware.o
 .debug_abbrev  0x00000f31      0x32b ./system/src/cortexm/exception_handlers.o
 .debug_abbrev  0x0000125c      0x216 ./system/src/cmsis/system_stm32f4xx.o
 .debug_abbrev  0x00001472       0x9d ./system/src/cmsis/vectors_stm32f401xc.o
 .debug_abbrev  0x0000150f       0x65 ./src/MCAL/UART/UART_cfg.o
 .debug_abbrev  0x00001574      0x168 ./src/MCAL/UART/UART_prg.o
 .debug_abbrev  0x000016dc      0x11c ./src/MCAL/SYSTICK/STK_prg.o
 .debug_abbrev  0x000017f8       0xd1 ./src/MCAL/RCC/RCC_prg.o
 .debug_abbrev  0x000018c9       0xde ./src/MCAL/GPIO/GPIO_prg.o
 .debug_abbrev  0x000019a7       0xf6 ./src/MCAL/FMI/FMI_prg.o
 .debug_abbrev  0x00001a9d      0x118 ./src/APP/HEXPARSER/HEXPARSER_prg.o
 .debug_abbrev  0x00001bb5      0x234 ./src/_initialize_hardware.o
 .debug_abbrev  0x00001de9      0x17a ./src/main.o

.debug_line     0x00000000     0x5461
 *(.debug_line)
 .debug_line    0x00000000      0x387 ./system/src/newlib/_exit.o
 .debug_line    0x00000387      0x33b ./system/src/newlib/_sbrk.o
 .debug_line    0x000006c2      0x403 ./system/src/newlib/_startup.o
 .debug_line    0x00000ac5      0x45f ./system/src/newlib/_syscalls.o
 .debug_line    0x00000f24      0x403 ./system/src/diag/Trace.o
 .debug_line    0x00001327      0xaf7 ./system/src/diag/trace_impl.o
 .debug_line    0x00001e1e      0xa60 ./system/src/cortexm/_initialize_hardware.o
 .debug_line    0x0000287e      0xbae ./system/src/cortexm/exception_handlers.o
 .debug_line    0x0000342c      0xa66 ./system/src/cmsis/system_stm32f4xx.o
 .debug_line    0x00003e92      0x110 ./system/src/cmsis/vectors_stm32f401xc.o
 .debug_line    0x00003fa2       0x90 ./src/MCAL/UART/UART_cfg.o
 .debug_line    0x00004032      0x23d ./src/MCAL/UART/UART_prg.o
 .debug_line    0x0000426f      0x154 ./src/MCAL/SYSTICK/STK_prg.o
 .debug_line    0x000043c3      0x100 ./src/MCAL/RCC/RCC_prg.o
 .debug_line    0x000044c3      0x1c1 ./src/MCAL/GPIO/GPIO_prg.o
 .debug_line    0x00004684      0x108 ./src/MCAL/FMI/FMI_prg.o
 .debug_line    0x0000478c      0x11e ./src/APP/HEXPARSER/HEXPARSER_prg.o
 .debug_line    0x000048aa      0xa56 ./src/_initialize_hardware.o
 .debug_line    0x00005300      0x161 ./src/main.o

.debug_frame    0x00000000      0xbc4
 *(.debug_frame)
 .debug_frame   0x00000000       0x38 ./system/src/newlib/_exit.o
 .debug_frame   0x00000038       0x28 ./system/src/newlib/_sbrk.o
 .debug_frame   0x00000060       0x7c ./system/src/newlib/_startup.o
 .debug_frame   0x000000dc       0x50 ./system/src/newlib/_syscalls.o
 .debug_frame   0x0000012c       0x94 ./system/src/diag/Trace.o
 .debug_frame   0x000001c0       0x64 ./system/src/diag/trace_impl.o
 .debug_frame   0x00000224       0x40 ./system/src/cortexm/_initialize_hardware.o
 .debug_frame   0x00000264      0x158 ./system/src/cortexm/exception_handlers.o
 .debug_frame   0x000003bc       0x30 ./system/src/cmsis/system_stm32f4xx.o
 .debug_frame   0x000003ec       0x20 ./system/src/cmsis/vectors_stm32f401xc.o
 .debug_frame   0x0000040c      0x17c ./src/MCAL/UART/UART_prg.o
 .debug_frame   0x00000588       0xc0 ./src/MCAL/SYSTICK/STK_prg.o
 .debug_frame   0x00000648       0x40 ./src/MCAL/RCC/RCC_prg.o
 .debug_frame   0x00000688       0xe0 ./src/MCAL/GPIO/GPIO_prg.o
 .debug_frame   0x00000768       0x54 ./src/MCAL/FMI/FMI_prg.o
 .debug_frame   0x000007bc       0x50 ./src/APP/HEXPARSER/HEXPARSER_prg.o
 .debug_frame   0x0000080c       0x44 ./src/_initialize_hardware.o
 .debug_frame   0x00000850       0x4c ./src/main.o
 .debug_frame   0x0000089c       0x2c c:/users/dell/downloads/imt_sdk_win_64/imt_sdk_win_64/winarm/armgcc/bin/../lib/gcc/arm-none-eabi/7.2.1/thumb/v7e-m\libgcc.a(_aeabi_uldivmod.o)
 .debug_frame   0x000008c8       0x34 c:/users/dell/downloads/imt_sdk_win_64/imt_sdk_win_64/winarm/armgcc/bin/../lib/gcc/arm-none-eabi/7.2.1/thumb/v7e-m\libgcc.a(_udivmoddi4.o)
 .debug_frame   0x000008fc       0x20 c:/users/dell/downloads/imt_sdk_win_64/imt_sdk_win_64/winarm/armgcc/bin/../lib/gcc/arm-none-eabi/7.2.1/../../../../arm-none-eabi/lib/thumb/v7e-m\libg_nano.a(lib_a-errno.o)
 .debug_frame   0x0000091c       0x4c c:/users/dell/downloads/imt_sdk_win_64/imt_sdk_win_64/winarm/armgcc/bin/../lib/gcc/arm-none-eabi/7.2.1/../../../../arm-none-eabi/lib/thumb/v7e-m\libg_nano.a(lib_a-vsnprintf.o)
 .debug_frame   0x00000968       0x90 c:/users/dell/downloads/imt_sdk_win_64/imt_sdk_win_64/winarm/armgcc/bin/../lib/gcc/arm-none-eabi/7.2.1/../../../../arm-none-eabi/lib/thumb/v7e-m\libg_nano.a(lib_a-nano-svfprintf.o)
 .debug_frame   0x000009f8       0x60 c:/users/dell/downloads/imt_sdk_win_64/imt_sdk_win_64/winarm/armgcc/bin/../lib/gcc/arm-none-eabi/7.2.1/../../../../arm-none-eabi/lib/thumb/v7e-m\libg_nano.a(lib_a-nano-vfprintf_i.o)
 .debug_frame   0x00000a58       0x28 c:/users/dell/downloads/imt_sdk_win_64/imt_sdk_win_64/winarm/armgcc/bin/../lib/gcc/arm-none-eabi/7.2.1/../../../../arm-none-eabi/lib/thumb/v7e-m\libg_nano.a(lib_a-memcpy-stub.o)
 .debug_frame   0x00000a80       0x28 c:/users/dell/downloads/imt_sdk_win_64/imt_sdk_win_64/winarm/armgcc/bin/../lib/gcc/arm-none-eabi/7.2.1/../../../../arm-none-eabi/lib/thumb/v7e-m\libg_nano.a(lib_a-memmove.o)
 .debug_frame   0x00000aa8       0x38 c:/users/dell/downloads/imt_sdk_win_64/imt_sdk_win_64/winarm/armgcc/bin/../lib/gcc/arm-none-eabi/7.2.1/../../../../arm-none-eabi/lib/thumb/v7e-m\libg_nano.a(lib_a-nano-freer.o)
 .debug_frame   0x00000ae0       0x2c c:/users/dell/downloads/imt_sdk_win_64/imt_sdk_win_64/winarm/armgcc/bin/../lib/gcc/arm-none-eabi/7.2.1/../../../../arm-none-eabi/lib/thumb/v7e-m\libg_nano.a(lib_a-nano-mallocr.o)
 .debug_frame   0x00000b0c       0x3c c:/users/dell/downloads/imt_sdk_win_64/imt_sdk_win_64/winarm/armgcc/bin/../lib/gcc/arm-none-eabi/7.2.1/../../../../arm-none-eabi/lib/thumb/v7e-m\libg_nano.a(lib_a-nano-reallocr.o)
 .debug_frame   0x00000b48       0x2c c:/users/dell/downloads/imt_sdk_win_64/imt_sdk_win_64/winarm/armgcc/bin/../lib/gcc/arm-none-eabi/7.2.1/../../../../arm-none-eabi/lib/thumb/v7e-m\libg_nano.a(lib_a-sbrkr.o)
 .debug_frame   0x00000b74       0x30 c:/users/dell/downloads/imt_sdk_win_64/imt_sdk_win_64/winarm/armgcc/bin/../lib/gcc/arm-none-eabi/7.2.1/../../../../arm-none-eabi/lib/thumb/v7e-m\libg_nano.a(lib_a-mlock.o)
 .debug_frame   0x00000ba4       0x20 c:/users/dell/downloads/imt_sdk_win_64/imt_sdk_win_64/winarm/armgcc/bin/../lib/gcc/arm-none-eabi/7.2.1/../../../../arm-none-eabi/lib/thumb/v7e-m\libg_nano.a(lib_a-nano-msizer.o)

.debug_str      0x00000000    0x74501
 *(.debug_str)
 .debug_str     0x00000000     0x7d1d ./system/src/newlib/_exit.o
                               0x7ef0 (size before relaxing)
 .debug_str     0x00007d1d      0x4f5 ./system/src/newlib/_sbrk.o
                               0x72a2 (size before relaxing)
 .debug_str     0x00008212      0xc23 ./system/src/newlib/_startup.o
                               0x6a43 (size before relaxing)
 .debug_str     0x00008e35      0xe8b ./system/src/newlib/_syscalls.o
                               0x817d (size before relaxing)
 .debug_str     0x00009cc0      0x826 ./system/src/diag/Trace.o
                               0x8668 (size before relaxing)
 .debug_str     0x0000a4e6    0x67a2e ./system/src/diag/trace_impl.o
                              0x7098e (size before relaxing)
 .debug_str     0x00071f14       0xc4 ./system/src/cortexm/_initialize_hardware.o
                              0x6f720 (size before relaxing)
 .debug_str     0x00071fd8      0x1a6 ./system/src/cortexm/exception_handlers.o
                              0x70b18 (size before relaxing)
 .debug_str     0x0007217e      0x164 ./system/src/cmsis/system_stm32f4xx.o
                              0x6f801 (size before relaxing)
 .debug_str     0x000722e2       0x59 ./system/src/cmsis/vectors_stm32f401xc.o
                               0x3880 (size before relaxing)
 .debug_str     0x0007233b      0x410 ./src/MCAL/UART/UART_cfg.o
                               0x31b8 (size before relaxing)
 .debug_str     0x0007274b      0xa69 ./src/MCAL/UART/UART_prg.o
                               0x3c9d (size before relaxing)
 .debug_str     0x000731b4      0x23b ./src/MCAL/SYSTICK/STK_prg.o
                               0x310b (size before relaxing)
 .debug_str     0x000733ef      0x7cd ./src/MCAL/RCC/RCC_prg.o
                               0x371f (size before relaxing)
 .debug_str     0x00073bbc      0x4ed ./src/MCAL/GPIO/GPIO_prg.o
                               0x3395 (size before relaxing)
 .debug_str     0x000740a9      0x163 ./src/MCAL/FMI/FMI_prg.o
                               0x3016 (size before relaxing)
 .debug_str     0x0007420c       0xea ./src/APP/HEXPARSER/HEXPARSER_prg.o
                               0x2fcd (size before relaxing)
 .debug_str     0x000742f6      0x19a ./src/_initialize_hardware.o
                              0x6f8f8 (size before relaxing)
 .debug_str     0x00074490       0x71 ./src/main.o
                               0x3809 (size before relaxing)

.debug_loc      0x00000000     0x1a7d
 *(.debug_loc)
 .debug_loc     0x00000000       0x85 ./system/src/newlib/_sbrk.o
 .debug_loc     0x00000085      0x2cb ./system/src/newlib/_startup.o
 .debug_loc     0x00000350       0x63 ./system/src/newlib/_syscalls.o
 .debug_loc     0x000003b3       0xf6 ./system/src/diag/Trace.o
 .debug_loc     0x000004a9      0x121 ./system/src/diag/trace_impl.o
 .debug_loc     0x000005ca      0x291 ./system/src/cortexm/exception_handlers.o
 .debug_loc     0x0000085b      0x13e ./system/src/cmsis/system_stm32f4xx.o
 .debug_loc     0x00000999      0x2c5 ./src/MCAL/UART/UART_prg.o
 .debug_loc     0x00000c5e       0xa5 ./src/MCAL/SYSTICK/STK_prg.o
 .debug_loc     0x00000d03      0x1e2 ./src/MCAL/RCC/RCC_prg.o
 .debug_loc     0x00000ee5      0x930 ./src/MCAL/GPIO/GPIO_prg.o
 .debug_loc     0x00001815       0xb4 ./src/MCAL/FMI/FMI_prg.o
 .debug_loc     0x000018c9      0x13d ./src/APP/HEXPARSER/HEXPARSER_prg.o
 .debug_loc     0x00001a06       0x77 ./src/main.o

.debug_macinfo
 *(.debug_macinfo)

.debug_weaknames
 *(.debug_weaknames)

.debug_funcnames
 *(.debug_funcnames)

.debug_typenames
 *(.debug_typenames)

.debug_varnames
 *(.debug_varnames)
OUTPUT(Bootloader.elf elf32-littlearm)

.debug_ranges   0x00000000      0x3d8
 .debug_ranges  0x00000000       0x18 ./system/src/newlib/_exit.o
 .debug_ranges  0x00000018       0x10 ./system/src/newlib/_sbrk.o
 .debug_ranges  0x00000028       0x90 ./system/src/newlib/_startup.o
 .debug_ranges  0x000000b8       0x20 ./system/src/newlib/_syscalls.o
 .debug_ranges  0x000000d8       0x28 ./system/src/diag/Trace.o
 .debug_ranges  0x00000100       0x50 ./system/src/diag/trace_impl.o
 .debug_ranges  0x00000150       0x18 ./system/src/cortexm/_initialize_hardware.o
 .debug_ranges  0x00000168       0x80 ./system/src/cortexm/exception_handlers.o
 .debug_ranges  0x000001e8       0x18 ./system/src/cmsis/system_stm32f4xx.o
 .debug_ranges  0x00000200       0x10 ./system/src/cmsis/vectors_stm32f401xc.o
 .debug_ranges  0x00000210       0xa0 ./src/MCAL/UART/UART_prg.o
 .debug_ranges  0x000002b0       0x50 ./src/MCAL/SYSTICK/STK_prg.o
 .debug_ranges  0x00000300       0x20 ./src/MCAL/RCC/RCC_prg.o
 .debug_ranges  0x00000320       0x50 ./src/MCAL/GPIO/GPIO_prg.o
 .debug_ranges  0x00000370       0x20 ./src/MCAL/FMI/FMI_prg.o
 .debug_ranges  0x00000390       0x18 ./src/APP/HEXPARSER/HEXPARSER_prg.o
 .debug_ranges  0x000003a8       0x18 ./src/_initialize_hardware.o
 .debug_ranges  0x000003c0       0x18 ./src/main.o

.debug_macro    0x00000000     0x4050
 .debug_macro   0x00000000      0x1b4 ./system/src/newlib/_exit.o
 .debug_macro   0x000001b4      0x10e ./system/src/newlib/_exit.o
 .debug_macro   0x000002c2       0x8d ./system/src/newlib/_exit.o
 .debug_macro   0x0000034f       0x35 ./system/src/newlib/_exit.o
 .debug_macro   0x00000384      0x169 ./system/src/newlib/_sbrk.o
 .debug_macro   0x000004ed      0x174 ./system/src/newlib/_sbrk.o
 .debug_macro   0x00000661       0x10 ./system/src/newlib/_sbrk.o
 .debug_macro   0x00000671      0x23b ./system/src/newlib/_sbrk.o
 .debug_macro   0x000008ac      0x173 ./system/src/newlib/_startup.o
 .debug_macro   0x00000a1f      0xa72 ./system/src/newlib/_startup.o
 .debug_macro   0x00001491      0x217 ./system/src/newlib/_syscalls.o
 .debug_macro   0x000016a8       0x1c ./system/src/newlib/_syscalls.o
 .debug_macro   0x000016c4       0x10 ./system/src/newlib/_syscalls.o
 .debug_macro   0x000016d4       0x10 ./system/src/newlib/_syscalls.o
 .debug_macro   0x000016e4       0x10 ./system/src/newlib/_syscalls.o
 .debug_macro   0x000016f4       0x35 ./system/src/newlib/_syscalls.o
 .debug_macro   0x00001729      0x122 ./system/src/newlib/_syscalls.o
 .debug_macro   0x0000184b       0x88 ./system/src/newlib/_syscalls.o
 .debug_macro   0x000018d3       0x2b ./system/src/newlib/_syscalls.o
 .debug_macro   0x000018fe      0x118 ./system/src/newlib/_syscalls.o
 .debug_macro   0x00001a16      0x189 ./system/src/newlib/_syscalls.o
 .debug_macro   0x00001b9f       0x16 ./system/src/newlib/_syscalls.o
 .debug_macro   0x00001bb5      0x1fb ./system/src/diag/Trace.o
 .debug_macro   0x00001db0       0x4c ./system/src/diag/Trace.o
 .debug_macro   0x00001dfc       0x16 ./system/src/diag/Trace.o
 .debug_macro   0x00001e12      0x52a ./system/src/diag/trace_impl.o
 .debug_macro   0x0000233c       0x22 ./system/src/diag/trace_impl.o
 .debug_macro   0x0000235e      0x4ee ./system/src/cortexm/_initialize_hardware.o
 .debug_macro   0x0000284c      0x557 ./system/src/cortexm/exception_handlers.o
 .debug_macro   0x00002da3       0x3b ./system/src/cortexm/exception_handlers.o
 .debug_macro   0x00002dde      0x4ea ./system/src/cmsis/system_stm32f4xx.o
 .debug_macro   0x000032c8       0x34 ./system/src/cmsis/vectors_stm32f401xc.o
 .debug_macro   0x000032fc       0x35 ./src/MCAL/UART/UART_cfg.o
 .debug_macro   0x00003331       0x10 ./src/MCAL/UART/UART_cfg.o
 .debug_macro   0x00003341       0x28 ./src/MCAL/UART/UART_cfg.o
 .debug_macro   0x00003369       0x1c ./src/MCAL/UART/UART_cfg.o
 .debug_macro   0x00003385       0x88 ./src/MCAL/UART/UART_cfg.o
 .debug_macro   0x0000340d       0x3e ./src/MCAL/UART/UART_prg.o
 .debug_macro   0x0000344b      0x16f ./src/MCAL/UART/UART_prg.o
 .debug_macro   0x000035ba       0x3f ./src/MCAL/SYSTICK/STK_prg.o
 .debug_macro   0x000035f9       0x52 ./src/MCAL/SYSTICK/STK_prg.o
 .debug_macro   0x0000364b       0x16 ./src/MCAL/SYSTICK/STK_prg.o
 .debug_macro   0x00003661       0x3e ./src/MCAL/RCC/RCC_prg.o
 .debug_macro   0x0000369f       0x6a ./src/MCAL/RCC/RCC_prg.o
 .debug_macro   0x00003709       0xe2 ./src/MCAL/RCC/RCC_prg.o
 .debug_macro   0x000037eb      0x12d ./src/MCAL/RCC/RCC_prg.o
 .debug_macro   0x00003918       0x35 ./src/MCAL/GPIO/GPIO_prg.o
 .debug_macro   0x0000394d       0x2e ./src/MCAL/GPIO/GPIO_prg.o
 .debug_macro   0x0000397b       0xd6 ./src/MCAL/GPIO/GPIO_prg.o
 .debug_macro   0x00003a51       0x36 ./src/MCAL/FMI/FMI_prg.o
 .debug_macro   0x00003a87       0x46 ./src/MCAL/FMI/FMI_prg.o
 .debug_macro   0x00003acd       0x3d ./src/APP/HEXPARSER/HEXPARSER_prg.o
 .debug_macro   0x00003b0a      0x4e4 ./src/_initialize_hardware.o
 .debug_macro   0x00003fee       0x62 ./src/main.o
